MPLINK 5.00, LINKER
Linker Map File - Created Thu Mar 09 17:45:26 2023

                                 Section Info
                  Section       Type    Address   Location Size(Bytes)
                ---------  ---------  ---------  ---------  ---------
               _entry_scn       code   0x000000    program   0x000006
       .code__user_putc.o       code   0x000006    program   0x000002
           interruptCheck       code   0x000008    program   0x000006
                   .cinit    romdata   0x00000e    program   0x000032
         .code_vfprintf.o       code   0x000040    program   0x000c22
             .code_main.o       code   0x000c62    program   0x000bb2
                     PROG       code   0x001814    program   0x00041a
           .code_timing.o       code   0x001c2e    program   0x0003aa
          .code_display.o       code   0x001fd8    program   0x0001e6
             .stringtable    romdata   0x0021be    program   0x00013d
       .romdata_adcbusy.o    romdata   0x0022fb    program   0x000000
       .idata_adcconv.o_i    romdata   0x0022fb    program   0x000000
      .idata_fxd1616u.o_i    romdata   0x0022fb    program   0x000000
       .idata_adcopen.o_i    romdata   0x0022fb    program   0x000000
       .romdata_adcopen.o    romdata   0x0022fb    program   0x000000
       .idata_rb0open.o_i    romdata   0x0022fb    program   0x000000
       .romdata_rb0open.o    romdata   0x0022fb    program   0x000000
        .idata_t0open.o_i    romdata   0x0022fb    program   0x000000
        .romdata_t0open.o    romdata   0x0022fb    program   0x000000
         .romdata_uopen.o    romdata   0x0022fb    program   0x000000
      .idata_adcsetch.o_i    romdata   0x0022fb    program   0x000000
        .idata___init.o_i    romdata   0x0022fb    program   0x000000
         .idata_uputs.o_i    romdata   0x0022fb    program   0x000000
        .romdata_uwrite.o    romdata   0x0022fb    program   0x000000
         .idata_udefs.o_i    romdata   0x0022fb    program   0x000000
      .idata_vfprintf.o_i    romdata   0x0022fb    program   0x000000
      .romdata_fxd3232u.o    romdata   0x0022fb    program   0x000000
       .idata_fxm3232.o_i    romdata   0x0022fb    program   0x000000
    .idata__user_putc.o_i    romdata   0x0022fb    program   0x000000
    .romdata__user_putc.o    romdata   0x0022fb    program   0x000000
         .idata_c018i.o_i    romdata   0x0022fb    program   0x000000
         .romdata_c018i.o    romdata   0x0022fb    program   0x000000
          .romdata_main.o    romdata   0x0022fb    program   0x000000
          .romdata_uart.o    romdata   0x0022fb    program   0x000000
       .romdata_display.o    romdata   0x0022fb    program   0x000000
       .idata_adcKnob.o_i    romdata   0x0022fb    program   0x000000
       .idata_adcbusy.o_i    romdata   0x0022fb    program   0x000000
            .code_c018i.o       code   0x0022fc    program   0x000000
            .code_udefs.o       code   0x0022fc    program   0x000000
                   STDLIB       code   0x0022fc    program   0x000134
          .code_adcKnob.o       code   0x002430    program   0x0000b2
          .code_sprintf.o       code   0x0024e2    program   0x0000ac
               _cinit_scn       code   0x00258e    program   0x00009e
            .code_uopen.o       code   0x00262c    program   0x00008a
             .code_putc.o       code   0x0026b6    program   0x000084
          .code_fxm3232.o       code   0x00273a    program   0x000070
          .code_adcopen.o       code   0x0027aa    program   0x00006e
                   STRING       code   0x002818    program   0x000066
            .code_uputs.o       code   0x00287e    program   0x00004c
             .code_uart.o       code   0x0028ca    program   0x00004c
          .code_rb0open.o       code   0x002916    program   0x00004a
         .code_fxd3232u.o       code   0x002960    program   0x000048
           .code_t0open.o       code   0x0029a8    program   0x000038
             D10KTCYXCODE       code   0x0029e0    program   0x00002e
           .code_uwrite.o       code   0x002a0e    program   0x00002e
         .code_adcsetch.o       code   0x002a3c    program   0x00002e
         .code_fxd1616u.o       code   0x002a6a    program   0x00002c
                    CTYPE       code   0x002a96    program   0x000024
              D1KTCYXCODE       code   0x002aba    program   0x000020
                    .code       code   0x002ada    program   0x000020
             _startup_scn       code   0x002afa    program   0x00001c
                    STDIO       code   0x002b16    program   0x00001c
              D10TCYXCODE       code   0x002b32    program   0x000016
         .code_controls.o       code   0x002b48    program   0x000016
      .romdata_vfprintf.o    romdata   0x002b5e    program   0x000011
       .romdata_sprintf.o    romdata   0x002b6f    program   0x000000
      .romdata_fxd1616u.o    romdata   0x002b6f    program   0x000000
      .idata_fxd3232u.o_i    romdata   0x002b6f    program   0x000000
       .romdata_fxm3232.o    romdata   0x002b6f    program   0x000000
       .romdata_adcKnob.o    romdata   0x002b6f    program   0x000000
          .idata_putc.o_i    romdata   0x002b6f    program   0x000000
          .romdata_putc.o    romdata   0x002b6f    program   0x000000
      .idata_controls.o_i    romdata   0x002b6f    program   0x000001
        .romdata_timing.o    romdata   0x002b6f    program   0x000000
         .idata_uopen.o_i    romdata   0x002b6f    program   0x000000
        .idata_timing.o_i    romdata   0x002b6f    program   0x000000
      .romdata_adcsetch.o    romdata   0x002b6f    program   0x000000
      .romdata_controls.o    romdata   0x002b6f    program   0x000000
        .romdata___init.o    romdata   0x002b6f    program   0x000000
         .romdata_uputs.o    romdata   0x002b6f    program   0x000000
        .idata_uwrite.o_i    romdata   0x002b6f    program   0x000000
         .romdata_udefs.o    romdata   0x002b6f    program   0x000000
       .romdata_adcconv.o    romdata   0x002b6f    program   0x000000
       .idata_sprintf.o_i    romdata   0x002b6f    program   0x000000
          .code_adcbusy.o       code   0x002b70    program   0x00000a
          .code_adcconv.o       code   0x002b7a    program   0x000004
           .code___init.o       code   0x002b7e    program   0x000002
          .idata_uart.o_i    romdata   0x002b80    program   0x000040
          .idata_main.o_i    romdata   0x002bc0    program   0x000089
       .idata_display.o_i    romdata   0x002c49    program   0x000042
    .config_300001_main.o    romdata   0x300001    program   0x000001
    .config_300003_main.o    romdata   0x300003    program   0x000001
    .config_300006_main.o    romdata   0x300006    program   0x000001
                MATH_DATA      udata   0x000000       data   0x000014
        interruptCode_tmp      udata   0x000014       data   0x00000c
                 .tmpdata      udata   0x000020       data   0x00000c
                DELAYDAT2      udata   0x00002c       data   0x000001
                DELAYDAT1      udata   0x00002d       data   0x000001
            .idata_uart.o      idata   0x000080       data   0x000040
         .udata_adcKnob.o      udata   0x0000c0       data   0x000018
          .udata_timing.o      udata   0x000100       data   0x0000f0
            .idata_main.o      idata   0x000200       data   0x000089
         .idata_display.o      idata   0x000289       data   0x000042
            .udata_main.o      udata   0x0002cb       data   0x000028
           .udata_c018i.o      udata   0x0002f3       data   0x00000a
           .udata_udefs.o      udata   0x0002fd       data   0x000001
        .idata_controls.o      idata   0x0002fe       data   0x000001
          .idata___init.o      idata   0x0002ff       data   0x000000
           .udata_uputs.o      udata   0x0002ff       data   0x000000
           .idata_uputs.o      idata   0x0002ff       data   0x000000
          .udata___init.o      udata   0x0002ff       data   0x000000
          .udata_uwrite.o      udata   0x0002ff       data   0x000000
          .idata_uwrite.o      idata   0x0002ff       data   0x000000
           .idata_udefs.o      idata   0x0002ff       data   0x000000
         .udata_sprintf.o      udata   0x0002ff       data   0x000000
        .idata_adcsetch.o      idata   0x0002ff       data   0x000000
         .idata_sprintf.o      idata   0x0002ff       data   0x000000
        .udata_vfprintf.o      udata   0x0002ff       data   0x000000
        .idata_vfprintf.o      idata   0x0002ff       data   0x000000
        .udata_fxd3232u.o      udata   0x0002ff       data   0x000000
        .idata_fxd3232u.o      idata   0x0002ff       data   0x000000
         .udata_fxm3232.o      udata   0x0002ff       data   0x000000
         .idata_fxm3232.o      idata   0x0002ff       data   0x000000
            .udata_putc.o      udata   0x0002ff       data   0x000000
            .idata_putc.o      idata   0x0002ff       data   0x000000
      .udata__user_putc.o      udata   0x0002ff       data   0x000000
      .idata__user_putc.o      idata   0x0002ff       data   0x000000
           .idata_c018i.o      idata   0x0002ff       data   0x000000
            .udata_uart.o      udata   0x0002ff       data   0x000000
          .idata_timing.o      idata   0x0002ff       data   0x000000
        .udata_controls.o      udata   0x0002ff       data   0x000000
         .udata_display.o      udata   0x0002ff       data   0x000000
         .idata_adcKnob.o      idata   0x0002ff       data   0x000000
         .udata_adcbusy.o      udata   0x0002ff       data   0x000000
         .idata_adcbusy.o      idata   0x0002ff       data   0x000000
         .udata_adcconv.o      udata   0x0002ff       data   0x000000
         .idata_adcconv.o      idata   0x0002ff       data   0x000000
        .udata_fxd1616u.o      udata   0x0002ff       data   0x000000
        .idata_fxd1616u.o      idata   0x0002ff       data   0x000000
         .udata_adcopen.o      udata   0x0002ff       data   0x000000
         .idata_adcopen.o      idata   0x0002ff       data   0x000000
         .udata_rb0open.o      udata   0x0002ff       data   0x000000
         .idata_rb0open.o      idata   0x0002ff       data   0x000000
          .udata_t0open.o      udata   0x0002ff       data   0x000000
          .idata_t0open.o      idata   0x0002ff       data   0x000000
           .udata_uopen.o      udata   0x0002ff       data   0x000000
           .idata_uopen.o      idata   0x0002ff       data   0x000000
        .udata_adcsetch.o      udata   0x0002ff       data   0x000000
                   .stack      udata   0x000500       data   0x000100
            SFR_UNBANKED0      udata   0x000f80       data   0x000080



                              Program Memory Usage 
                               Start         End      
                           ---------   ---------      
                            0x000000    0x0022fa      
                            0x0022fc    0x002c8a      
                            0x300001    0x300001      
                            0x300003    0x300003      
                            0x300006    0x300006      
            11405 out of 33048 program addresses used, program memory utilization is 34%



                              Symbols - Sorted by Name
                     Name    Address   Location    Storage File                     
                ---------  ---------  ---------  --------- ---------                
                  BusyADC   0x002b70    program     extern E:\3.46\pic18-lt\cxx-framework\src\pmc_common\ADC\adcbusy.c
               ConvertADC   0x002b7a    program     extern E:\3.46\pic18-lt\cxx-framework\src\pmc_common\ADC\adcconv.c
                   D10K_1   0x0029ec    program     static E:\3.46\pic18-lt\cxx-framework\src\traditional\delays\d10ktcyx.asm
                    D10Kl   0x0029f8    program     static E:\3.46\pic18-lt\cxx-framework\src\traditional\delays\d10ktcyx.asm
                    D10Kx   0x0029ea    program     static E:\3.46\pic18-lt\cxx-framework\src\traditional\delays\d10ktcyx.asm
                    D10_1   0x002b42    program     static E:\3.46\pic18-lt\cxx-framework\src\traditional\delays\d10tcyx.asm
                     D10x   0x002b3a    program     static E:\3.46\pic18-lt\cxx-framework\src\traditional\delays\d10tcyx.asm
                   D1616S   0x001964    program     static E:\3.46\pic18-lt\cxx-framework\src\traditional\math\fxd1616s.asm
                D1616SNEG   0x001972    program     static E:\3.46\pic18-lt\cxx-framework\src\traditional\math\fxd1616s.asm
                 D1616SOK   0x00196e    program     static E:\3.46\pic18-lt\cxx-framework\src\traditional\math\fxd1616s.asm
                  D1616SX   0x001984    program     static E:\3.46\pic18-lt\cxx-framework\src\traditional\math\fxd1616s.asm
                    D1K_1   0x002ac6    program     static E:\3.46\pic18-lt\cxx-framework\src\traditional\delays\d1ktcyx.asm
                     D1Kx   0x002ac4    program     static E:\3.46\pic18-lt\cxx-framework\src\traditional\delays\d1ktcyx.asm
                  DA1616S   0x001954    program     static E:\3.46\pic18-lt\cxx-framework\src\traditional\math\fxd1616s.asm
             Delay10KTCYx   0x0029e0    program     extern E:\3.46\pic18-lt\cxx-framework\src\traditional\delays\d10ktcyx.asm
              Delay10TCYx   0x002b32    program     extern E:\3.46\pic18-lt\cxx-framework\src\traditional\delays\d10tcyx.asm
              Delay1KTCYx   0x002aba    program     extern E:\3.46\pic18-lt\cxx-framework\src\traditional\delays\d1ktcyx.asm
                    FPA32   0x001816    program     extern E:\3.46\pic18-lt\cxx-framework\src\traditional\math\addFP.asm
                    FPS32   0x001814    program     extern E:\3.46\pic18-lt\cxx-framework\src\traditional\math\addFP.asm
                 FXD1616S   0x001942    program     extern E:\3.46\pic18-lt\cxx-framework\src\traditional\math\fxd1616s.asm
                 FXD1616U   0x002a6a    program     extern E:\3.46\pic18-lt\cxx-framework\src\traditional\math\fxd1616u.c
                 FXD3232U   0x002960    program     extern E:\3.46\pic18-lt\cxx-framework\src\traditional\math\fxd3232u.c
                 FXM1616S   0x001bd4    program     extern E:\3.46\pic18-lt\cxx-framework\src\traditional\math\fxm1616s.asm
                  FXM3232   0x00273a    program     extern E:\3.46\pic18-lt\cxx-framework\src\traditional\math\fxm3232.c
                  INT3216   0x00198e    program     extern E:\3.46\pic18-lt\cxx-framework\src\traditional\math\castFP16.asm
                  OneByte   0x00241e    program     static E:\3.46\pic18-lt\cxx-framework\src\traditional\stdclib\itobcd.asm
                  OpenADC   0x0027aa    program     extern E:\3.46\pic18-lt\cxx-framework\src\pmc_common\ADC\adcopen.c
               OpenRB0INT   0x002916    program     extern E:\3.46\pic18-lt\cxx-framework\src\pmc_common\PORTB\rb0open.c
               OpenTimer0   0x0029a8    program     extern E:\3.46\pic18-lt\cxx-framework\src\pmc_common\Timers\t0open.c
                OpenUSART   0x00262c    program     extern E:\3.46\pic18-lt\cxx-framework\src\pmc_common\USART\uopen.c
                ProcLower   0x0023d2    program     static E:\3.46\pic18-lt\cxx-framework\src\traditional\stdclib\itoa.asm
                ProcUpper   0x0023c8    program     static E:\3.46\pic18-lt\cxx-framework\src\traditional\stdclib\itoa.asm
               SetChanADC   0x002a3c    program     extern E:\3.46\pic18-lt\cxx-framework\src\pmc_common\ADC\adcsetch.c
                  TAEQB32   0x0019ec    program     extern E:\3.46\pic18-lt\cxx-framework\src\traditional\math\eqFP.asm
                  TAGTB32   0x0019fa    program     extern E:\3.46\pic18-lt\cxx-framework\src\traditional\math\gtFP.asm
                  TALTB32   0x001a0c    program     extern E:\3.46\pic18-lt\cxx-framework\src\traditional\math\ltFP.asm
               TSIGN1616A   0x001c20    program     static E:\3.46\pic18-lt\cxx-framework\src\traditional\math\fxm1616s.asm
                 TstLower   0x0023bc    program     static E:\3.46\pic18-lt\cxx-framework\src\traditional\stdclib\itoa.asm
                 TstUpper   0x0023b6    program     static E:\3.46\pic18-lt\cxx-framework\src\traditional\stdclib\itoa.asm
               WriteUSART   0x002a0e    program     extern E:\3.46\pic18-lt\cxx-framework\src\pmc_common\USART\uwrite.c
                   _2jEnd   0x002868    program     static E:\3.46\pic18-lt\cxx-framework\src\traditional\stdclib\slenpgm.asm
       _D10KTCYXCODE_0010   0x0029f0    program     static E:\3.46\pic18-lt\cxx-framework\src\traditional\delays\d10ktcyx.asm
       _D10KTCYXCODE_001C   0x0029fc    program     static E:\3.46\pic18-lt\cxx-framework\src\traditional\delays\d10ktcyx.asm
        _D10TCYXCODE_000A   0x002b3c    program     static E:\3.46\pic18-lt\cxx-framework\src\traditional\delays\d10tcyx.asm
        _D10TCYXCODE_000C   0x002b3e    program     static E:\3.46\pic18-lt\cxx-framework\src\traditional\delays\d10tcyx.asm
        _D10TCYXCODE_000E   0x002b40    program     static E:\3.46\pic18-lt\cxx-framework\src\traditional\delays\d10tcyx.asm
        _D1KTCYXCODE_0010   0x002aca    program     static E:\3.46\pic18-lt\cxx-framework\src\traditional\delays\d1ktcyx.asm
        _D1KTCYXCODE_0016   0x002ad0    program     static E:\3.46\pic18-lt\cxx-framework\src\traditional\delays\d1ktcyx.asm
              __FpCompare   0x001a1e    program     extern E:\3.46\pic18-lt\cxx-framework\src\traditional\math\compFP.asm
                 __FpExit   0x001ad4    program     extern E:\3.46\pic18-lt\cxx-framework\src\traditional\math\packFP.asm
                 __FpPack   0x001b00    program     extern E:\3.46\pic18-lt\cxx-framework\src\traditional\math\packFP.asm
            __FpReturnNaN   0x001ac8    program     extern E:\3.46\pic18-lt\cxx-framework\src\traditional\math\packFP.asm
         __FpReturnNegInf   0x001ada    program     extern E:\3.46\pic18-lt\cxx-framework\src\traditional\math\packFP.asm
        __FpReturnNegZero   0x001af2    program     extern E:\3.46\pic18-lt\cxx-framework\src\traditional\math\packFP.asm
         __FpReturnPosInf   0x001ae0    program     extern E:\3.46\pic18-lt\cxx-framework\src\traditional\math\packFP.asm
        __FpReturnPosZero   0x001afa    program     extern E:\3.46\pic18-lt\cxx-framework\src\traditional\math\packFP.asm
        __FpReturnSignInf   0x001ad6    program     extern E:\3.46\pic18-lt\cxx-framework\src\traditional\math\packFP.asm
       __FpReturnSignZero   0x001aee    program     extern E:\3.46\pic18-lt\cxx-framework\src\traditional\math\packFP.asm
              __FpReturnW   0x001b58    program     extern E:\3.46\pic18-lt\cxx-framework\src\traditional\math\packFP.asm
              __FpUnPackA   0x001b78    program     extern E:\3.46\pic18-lt\cxx-framework\src\traditional\math\UnpackFP.asm
              __FpUnPackB   0x001ba8    program     extern E:\3.46\pic18-lt\cxx-framework\src\traditional\math\UnpackFP.asm
         ___else_lbl00039   0x001112    program     static                          
         ___else_lbl00043   0x001332    program     static                          
         ___else_lbl00046   0x0013aa    program     static                          
         ___else_lbl00048   0x001436    program     static                          
         ___else_lbl00050   0x0013f8    program     static                          
         ___else_lbl00054   0x001520    program     static                          
           ___if_lbl00037   0x001110    program     static                          
           ___if_lbl00038   0x001118    program     static                          
           ___if_lbl00040   0x001118    program     static                          
           ___if_lbl00041   0x001358    program     static                          
           ___if_lbl00042   0x001358    program     static                          
           ___if_lbl00044   0x001358    program     static                          
           ___if_lbl00045   0x0013f6    program     static                          
           ___if_lbl00047   0x001482    program     static                          
           ___if_lbl00049   0x001482    program     static                          
           ___if_lbl00051   0x001482    program     static                          
           ___if_lbl00052   0x001482    program     static                          
           ___if_lbl00053   0x001598    program     static                          
           ___if_lbl00055   0x001598    program     static                          
           ___if_lbl00056   0x00159c    program     static                          
       ___return_lbl00000   0x002a94    program     static                          
       ___return_lbl00000   0x0027a8    program     static                          
       ___return_lbl00000   0x0029a6    program     static                          
       ___return_lbl00000   0x00000c    program     static                          
       ___return_lbl00000   0x000004    program     static                          
       ___return_lbl00001   0x002b14    program     static                          
       ___return_lbl00002   0x00262a    program     static                          
       ___return_lbl00036   0x00159c    program     static                          
               __config_0   0x300001    program     static C:\Users\micha_5j3z6p3\Desktop\MPLAB\Serial\Final_Project.X\main.c
               __config_1   0x300003    program     static C:\Users\micha_5j3z6p3\Desktop\MPLAB\Serial\Final_Project.X\main.c
               __config_2   0x300006    program     static C:\Users\micha_5j3z6p3\Desktop\MPLAB\Serial\Final_Project.X\main.c
                   __init   0x002b7e    program     extern E:\3.46\pic18-lt\cxx-framework\src\traditional\stdclib\__init.c
                   __pa_0   0x002146    program     static C:\Users\micha_5j3z6p3\Desktop\MPLAB\Serial\Final_Project.X\display.c
                   __pa_0   0x001f16    program     static C:\Users\micha_5j3z6p3\Desktop\MPLAB\Serial\Final_Project.X\timing.c
                   __pa_0   0x000980    program     static E:\3.46\pic18-lt\cxx-framework\src\traditional\stdclib\vfprintf.c
                   __pa_0   0x0015e4    program     static C:\Users\micha_5j3z6p3\Desktop\MPLAB\Serial\Final_Project.X\main.c
                   __pa_1   0x002152    program     static C:\Users\micha_5j3z6p3\Desktop\MPLAB\Serial\Final_Project.X\display.c
                   __pa_1   0x00160c    program     static C:\Users\micha_5j3z6p3\Desktop\MPLAB\Serial\Final_Project.X\main.c
                   __pa_1   0x000988    program     static E:\3.46\pic18-lt\cxx-framework\src\traditional\stdclib\vfprintf.c
                   __pa_1   0x001fb8    program     static C:\Users\micha_5j3z6p3\Desktop\MPLAB\Serial\Final_Project.X\timing.c
                  __pa_10   0x0016ae    program     static C:\Users\micha_5j3z6p3\Desktop\MPLAB\Serial\Final_Project.X\main.c
                  __pa_10   0x000a3c    program     static E:\3.46\pic18-lt\cxx-framework\src\traditional\stdclib\vfprintf.c
                  __pa_11   0x0016c2    program     static C:\Users\micha_5j3z6p3\Desktop\MPLAB\Serial\Final_Project.X\main.c
                  __pa_11   0x000a4a    program     static E:\3.46\pic18-lt\cxx-framework\src\traditional\stdclib\vfprintf.c
                  __pa_12   0x0016d6    program     static C:\Users\micha_5j3z6p3\Desktop\MPLAB\Serial\Final_Project.X\main.c
                  __pa_12   0x000a60    program     static E:\3.46\pic18-lt\cxx-framework\src\traditional\stdclib\vfprintf.c
                  __pa_13   0x000a7a    program     static E:\3.46\pic18-lt\cxx-framework\src\traditional\stdclib\vfprintf.c
                  __pa_13   0x0016de    program     static C:\Users\micha_5j3z6p3\Desktop\MPLAB\Serial\Final_Project.X\main.c
                  __pa_14   0x000a92    program     static E:\3.46\pic18-lt\cxx-framework\src\traditional\stdclib\vfprintf.c
                  __pa_14   0x0016f0    program     static C:\Users\micha_5j3z6p3\Desktop\MPLAB\Serial\Final_Project.X\main.c
                  __pa_15   0x000aa2    program     static E:\3.46\pic18-lt\cxx-framework\src\traditional\stdclib\vfprintf.c
                  __pa_15   0x0016f8    program     static C:\Users\micha_5j3z6p3\Desktop\MPLAB\Serial\Final_Project.X\main.c
                  __pa_16   0x001716    program     static C:\Users\micha_5j3z6p3\Desktop\MPLAB\Serial\Final_Project.X\main.c
                  __pa_16   0x000ab8    program     static E:\3.46\pic18-lt\cxx-framework\src\traditional\stdclib\vfprintf.c
                  __pa_17   0x000aca    program     static E:\3.46\pic18-lt\cxx-framework\src\traditional\stdclib\vfprintf.c
                  __pa_17   0x00172c    program     static C:\Users\micha_5j3z6p3\Desktop\MPLAB\Serial\Final_Project.X\main.c
                  __pa_18   0x00173c    program     static C:\Users\micha_5j3z6p3\Desktop\MPLAB\Serial\Final_Project.X\main.c
                  __pa_18   0x000adc    program     static E:\3.46\pic18-lt\cxx-framework\src\traditional\stdclib\vfprintf.c
                  __pa_19   0x00174c    program     static C:\Users\micha_5j3z6p3\Desktop\MPLAB\Serial\Final_Project.X\main.c
                  __pa_19   0x000ae6    program     static E:\3.46\pic18-lt\cxx-framework\src\traditional\stdclib\vfprintf.c
                   __pa_2   0x00216e    program     static C:\Users\micha_5j3z6p3\Desktop\MPLAB\Serial\Final_Project.X\display.c
                   __pa_2   0x001626    program     static C:\Users\micha_5j3z6p3\Desktop\MPLAB\Serial\Final_Project.X\main.c
                   __pa_2   0x000992    program     static E:\3.46\pic18-lt\cxx-framework\src\traditional\stdclib\vfprintf.c
                   __pa_2   0x001fc8    program     static C:\Users\micha_5j3z6p3\Desktop\MPLAB\Serial\Final_Project.X\timing.c
                  __pa_20   0x000af6    program     static E:\3.46\pic18-lt\cxx-framework\src\traditional\stdclib\vfprintf.c
                  __pa_20   0x00175e    program     static C:\Users\micha_5j3z6p3\Desktop\MPLAB\Serial\Final_Project.X\main.c
                  __pa_21   0x000b06    program     static E:\3.46\pic18-lt\cxx-framework\src\traditional\stdclib\vfprintf.c
                  __pa_21   0x00176c    program     static C:\Users\micha_5j3z6p3\Desktop\MPLAB\Serial\Final_Project.X\main.c
                  __pa_22   0x000b16    program     static E:\3.46\pic18-lt\cxx-framework\src\traditional\stdclib\vfprintf.c
                  __pa_22   0x001776    program     static C:\Users\micha_5j3z6p3\Desktop\MPLAB\Serial\Final_Project.X\main.c
                  __pa_23   0x001784    program     static C:\Users\micha_5j3z6p3\Desktop\MPLAB\Serial\Final_Project.X\main.c
                  __pa_23   0x000b22    program     static E:\3.46\pic18-lt\cxx-framework\src\traditional\stdclib\vfprintf.c
                  __pa_24   0x00178e    program     static C:\Users\micha_5j3z6p3\Desktop\MPLAB\Serial\Final_Project.X\main.c
                  __pa_24   0x000b30    program     static E:\3.46\pic18-lt\cxx-framework\src\traditional\stdclib\vfprintf.c
                  __pa_25   0x001798    program     static C:\Users\micha_5j3z6p3\Desktop\MPLAB\Serial\Final_Project.X\main.c
                  __pa_25   0x000b38    program     static E:\3.46\pic18-lt\cxx-framework\src\traditional\stdclib\vfprintf.c
                  __pa_26   0x00179e    program     static C:\Users\micha_5j3z6p3\Desktop\MPLAB\Serial\Final_Project.X\main.c
                  __pa_26   0x000b42    program     static E:\3.46\pic18-lt\cxx-framework\src\traditional\stdclib\vfprintf.c
                  __pa_27   0x000b4c    program     static E:\3.46\pic18-lt\cxx-framework\src\traditional\stdclib\vfprintf.c
                  __pa_27   0x0017a8    program     static C:\Users\micha_5j3z6p3\Desktop\MPLAB\Serial\Final_Project.X\main.c
                  __pa_28   0x000b54    program     static E:\3.46\pic18-lt\cxx-framework\src\traditional\stdclib\vfprintf.c
                  __pa_28   0x0017b2    program     static C:\Users\micha_5j3z6p3\Desktop\MPLAB\Serial\Final_Project.X\main.c
                  __pa_29   0x0017c6    program     static C:\Users\micha_5j3z6p3\Desktop\MPLAB\Serial\Final_Project.X\main.c
                  __pa_29   0x000b62    program     static E:\3.46\pic18-lt\cxx-framework\src\traditional\stdclib\vfprintf.c
                   __pa_3   0x00218e    program     static C:\Users\micha_5j3z6p3\Desktop\MPLAB\Serial\Final_Project.X\display.c
                   __pa_3   0x00099c    program     static E:\3.46\pic18-lt\cxx-framework\src\traditional\stdclib\vfprintf.c
                   __pa_3   0x00162e    program     static C:\Users\micha_5j3z6p3\Desktop\MPLAB\Serial\Final_Project.X\main.c
                  __pa_30   0x0017d0    program     static C:\Users\micha_5j3z6p3\Desktop\MPLAB\Serial\Final_Project.X\main.c
                  __pa_30   0x000b7e    program     static E:\3.46\pic18-lt\cxx-framework\src\traditional\stdclib\vfprintf.c
                  __pa_31   0x000b98    program     static E:\3.46\pic18-lt\cxx-framework\src\traditional\stdclib\vfprintf.c
                  __pa_31   0x0017e0    program     static C:\Users\micha_5j3z6p3\Desktop\MPLAB\Serial\Final_Project.X\main.c
                  __pa_32   0x000bb2    program     static E:\3.46\pic18-lt\cxx-framework\src\traditional\stdclib\vfprintf.c
                  __pa_32   0x0017f2    program     static C:\Users\micha_5j3z6p3\Desktop\MPLAB\Serial\Final_Project.X\main.c
                  __pa_33   0x000bca    program     static E:\3.46\pic18-lt\cxx-framework\src\traditional\stdclib\vfprintf.c
                  __pa_33   0x0017fe    program     static C:\Users\micha_5j3z6p3\Desktop\MPLAB\Serial\Final_Project.X\main.c
                  __pa_34   0x000bd4    program     static E:\3.46\pic18-lt\cxx-framework\src\traditional\stdclib\vfprintf.c
                  __pa_34   0x001808    program     static C:\Users\micha_5j3z6p3\Desktop\MPLAB\Serial\Final_Project.X\main.c
                  __pa_35   0x000be2    program     static E:\3.46\pic18-lt\cxx-framework\src\traditional\stdclib\vfprintf.c
                  __pa_36   0x000bea    program     static E:\3.46\pic18-lt\cxx-framework\src\traditional\stdclib\vfprintf.c
                  __pa_37   0x000bf4    program     static E:\3.46\pic18-lt\cxx-framework\src\traditional\stdclib\vfprintf.c
                  __pa_38   0x000c04    program     static E:\3.46\pic18-lt\cxx-framework\src\traditional\stdclib\vfprintf.c
                  __pa_39   0x000c12    program     static E:\3.46\pic18-lt\cxx-framework\src\traditional\stdclib\vfprintf.c
                   __pa_4   0x001642    program     static C:\Users\micha_5j3z6p3\Desktop\MPLAB\Serial\Final_Project.X\main.c
                   __pa_4   0x002196    program     static C:\Users\micha_5j3z6p3\Desktop\MPLAB\Serial\Final_Project.X\display.c
                   __pa_4   0x0009b4    program     static E:\3.46\pic18-lt\cxx-framework\src\traditional\stdclib\vfprintf.c
                  __pa_40   0x000c1e    program     static E:\3.46\pic18-lt\cxx-framework\src\traditional\stdclib\vfprintf.c
                  __pa_41   0x000c2a    program     static E:\3.46\pic18-lt\cxx-framework\src\traditional\stdclib\vfprintf.c
                  __pa_42   0x000c32    program     static E:\3.46\pic18-lt\cxx-framework\src\traditional\stdclib\vfprintf.c
                  __pa_43   0x000c3c    program     static E:\3.46\pic18-lt\cxx-framework\src\traditional\stdclib\vfprintf.c
                  __pa_44   0x000c42    program     static E:\3.46\pic18-lt\cxx-framework\src\traditional\stdclib\vfprintf.c
                  __pa_45   0x000c4c    program     static E:\3.46\pic18-lt\cxx-framework\src\traditional\stdclib\vfprintf.c
                  __pa_46   0x000c58    program     static E:\3.46\pic18-lt\cxx-framework\src\traditional\stdclib\vfprintf.c
                   __pa_5   0x0021a6    program     static C:\Users\micha_5j3z6p3\Desktop\MPLAB\Serial\Final_Project.X\display.c
                   __pa_5   0x001650    program     static C:\Users\micha_5j3z6p3\Desktop\MPLAB\Serial\Final_Project.X\main.c
                   __pa_5   0x0009c8    program     static E:\3.46\pic18-lt\cxx-framework\src\traditional\stdclib\vfprintf.c
                   __pa_6   0x0021b0    program     static C:\Users\micha_5j3z6p3\Desktop\MPLAB\Serial\Final_Project.X\display.c
                   __pa_6   0x001660    program     static C:\Users\micha_5j3z6p3\Desktop\MPLAB\Serial\Final_Project.X\main.c
                   __pa_6   0x0009e4    program     static E:\3.46\pic18-lt\cxx-framework\src\traditional\stdclib\vfprintf.c
                   __pa_7   0x001682    program     static C:\Users\micha_5j3z6p3\Desktop\MPLAB\Serial\Final_Project.X\main.c
                   __pa_7   0x0009ee    program     static E:\3.46\pic18-lt\cxx-framework\src\traditional\stdclib\vfprintf.c
                   __pa_8   0x00168a    program     static C:\Users\micha_5j3z6p3\Desktop\MPLAB\Serial\Final_Project.X\main.c
                   __pa_8   0x0009fa    program     static E:\3.46\pic18-lt\cxx-framework\src\traditional\stdclib\vfprintf.c
                   __pa_9   0x000a1c    program     static E:\3.46\pic18-lt\cxx-framework\src\traditional\stdclib\vfprintf.c
                   __pa_9   0x0016a4    program     static C:\Users\micha_5j3z6p3\Desktop\MPLAB\Serial\Final_Project.X\main.c
               __string_0   0x0022f5    program     static C:\Users\micha_5j3z6p3\Desktop\MPLAB\Serial\Final_Project.X\display.c
               __string_0   0x0022ef    program     static C:\Users\micha_5j3z6p3\Desktop\MPLAB\Serial\Final_Project.X\timing.c
               __string_0   0x0022ce    program     static C:\Users\micha_5j3z6p3\Desktop\MPLAB\Serial\Final_Project.X\uart.c
               __string_0   0x0022c1    program     static C:\Users\micha_5j3z6p3\Desktop\MPLAB\Serial\Final_Project.X\main.c
               __string_1   0x0022e9    program     static C:\Users\micha_5j3z6p3\Desktop\MPLAB\Serial\Final_Project.X\timing.c
               __string_1   0x0022c2    program     static C:\Users\micha_5j3z6p3\Desktop\MPLAB\Serial\Final_Project.X\uart.c
               __string_1   0x0022bb    program     static C:\Users\micha_5j3z6p3\Desktop\MPLAB\Serial\Final_Project.X\main.c
              __string_10   0x002230    program     static C:\Users\micha_5j3z6p3\Desktop\MPLAB\Serial\Final_Project.X\main.c
              __string_11   0x002223    program     static C:\Users\micha_5j3z6p3\Desktop\MPLAB\Serial\Final_Project.X\main.c
              __string_12   0x00220d    program     static C:\Users\micha_5j3z6p3\Desktop\MPLAB\Serial\Final_Project.X\main.c
              __string_13   0x0021fb    program     static C:\Users\micha_5j3z6p3\Desktop\MPLAB\Serial\Final_Project.X\main.c
              __string_14   0x0021eb    program     static C:\Users\micha_5j3z6p3\Desktop\MPLAB\Serial\Final_Project.X\main.c
              __string_15   0x0021e0    program     static C:\Users\micha_5j3z6p3\Desktop\MPLAB\Serial\Final_Project.X\main.c
              __string_16   0x0021d6    program     static C:\Users\micha_5j3z6p3\Desktop\MPLAB\Serial\Final_Project.X\main.c
              __string_17   0x0021c7    program     static C:\Users\micha_5j3z6p3\Desktop\MPLAB\Serial\Final_Project.X\main.c
              __string_18   0x0021be    program     static C:\Users\micha_5j3z6p3\Desktop\MPLAB\Serial\Final_Project.X\main.c
               __string_2   0x0022e2    program     static C:\Users\micha_5j3z6p3\Desktop\MPLAB\Serial\Final_Project.X\timing.c
               __string_2   0x0022b5    program     static C:\Users\micha_5j3z6p3\Desktop\MPLAB\Serial\Final_Project.X\main.c
               __string_3   0x0022b2    program     static C:\Users\micha_5j3z6p3\Desktop\MPLAB\Serial\Final_Project.X\main.c
               __string_3   0x0022db    program     static C:\Users\micha_5j3z6p3\Desktop\MPLAB\Serial\Final_Project.X\timing.c
               __string_4   0x00229a    program     static C:\Users\micha_5j3z6p3\Desktop\MPLAB\Serial\Final_Project.X\main.c
               __string_4   0x0022d4    program     static C:\Users\micha_5j3z6p3\Desktop\MPLAB\Serial\Final_Project.X\timing.c
               __string_5   0x002278    program     static C:\Users\micha_5j3z6p3\Desktop\MPLAB\Serial\Final_Project.X\main.c
               __string_6   0x00226b    program     static C:\Users\micha_5j3z6p3\Desktop\MPLAB\Serial\Final_Project.X\main.c
               __string_7   0x00225a    program     static C:\Users\micha_5j3z6p3\Desktop\MPLAB\Serial\Final_Project.X\main.c
               __string_8   0x00224c    program     static C:\Users\micha_5j3z6p3\Desktop\MPLAB\Serial\Final_Project.X\main.c
               __string_9   0x002244    program     static C:\Users\micha_5j3z6p3\Desktop\MPLAB\Serial\Final_Project.X\main.c
              __tmplbl_42   0x000b16    program     static                          
              __tmplbl_43   0x00095e    program     static                          
              __tmplbl_44   0x000944    program     static                          
              __tmplbl_85   0x000096    program     static                          
            __zero_memory   0x002ada    program     extern E:\3.46\pic18-lt\cxx-framework\src\traditional\proc\p18f4520.asm
                _do_cinit   0x00258e    program     extern E:\3.46\pic18-lt\cxx-framework\src\traditional\startup\c018i.c
                   _entry   0x000000    program     extern E:\3.46\pic18-lt\cxx-framework\src\traditional\startup\c018i.c
                   _false   0x0029a2    program     static                          
                 _startup   0x002afa    program     extern E:\3.46\pic18-lt\cxx-framework\src\traditional\startup\c018i.c
              _usart_putc   0x002b16    program     extern E:\3.46\pic18-lt\cxx-framework\src\pmc_common\USART\_usartpc.asm
               _user_putc   0x000006    program     extern E:\3.46\pic18-lt\cxx-framework\src\traditional\stdclib\_user_putc.c
                 changeTO   0x001ce4    program     extern C:\Users\micha_5j3z6p3\Desktop\MPLAB\Serial\Final_Project.X\timing.c
                compare_l   0x002af0    program     static E:\3.46\pic18-lt\cxx-framework\src\traditional\proc\p18f4520.asm
        configurationMode   0x000d0e    program     extern C:\Users\micha_5j3z6p3\Desktop\MPLAB\Serial\Final_Project.X\main.c
                copy_loop   0x002600    program     static                          
            copy_one_byte   0x002606    program     static                          
                     done   0x00262a    program     static                          
             done_copying   0x002614    program     static                          
                  endloop   0x002a90    program     static                          
                 initKnob   0x002430    program     extern C:\Users\micha_5j3z6p3\Desktop\MPLAB\Serial\Final_Project.X\adcKnob.c
                  initLCD   0x001fd8    program     extern C:\Users\micha_5j3z6p3\Desktop\MPLAB\Serial\Final_Project.X\display.c
          initTimeOptions   0x001c2e    program     extern C:\Users\micha_5j3z6p3\Desktop\MPLAB\Serial\Final_Project.X\timing.c
                 initUART   0x0028ca    program     extern C:\Users\micha_5j3z6p3\Desktop\MPLAB\Serial\Final_Project.X\uart.c
               initialize   0x000c8c    program     extern C:\Users\micha_5j3z6p3\Desktop\MPLAB\Serial\Final_Project.X\main.c
           interruptCheck   0x000008    program     extern C:\Users\micha_5j3z6p3\Desktop\MPLAB\Serial\Final_Project.X\main.h
            interruptCode   0x001020    program     extern C:\Users\micha_5j3z6p3\Desktop\MPLAB\Serial\Final_Project.X\main.c
                  isdigit   0x002a96    program     extern E:\3.46\pic18-lt\cxx-framework\src\traditional\stdclib\isdigit.asm
                   itoBCD   0x0023dc    program     extern E:\3.46\pic18-lt\cxx-framework\src\traditional\stdclib\itobcd.asm
                     itoa   0x0022fc    program     extern E:\3.46\pic18-lt\cxx-framework\src\traditional\stdclib\itoa.asm
                 jANotInf   0x00183e    program     static E:\3.46\pic18-lt\cxx-framework\src\traditional\math\addFP.asm
                 jANotNeg   0x0018d2    program     static E:\3.46\pic18-lt\cxx-framework\src\traditional\math\addFP.asm
              jAandWsetup   0x0018a2    program     static E:\3.46\pic18-lt\cxx-framework\src\traditional\math\addFP.asm
                  jAisNeg   0x001a9a    program     static E:\3.46\pic18-lt\cxx-framework\src\traditional\math\compFP.asm
                 jAltBexp   0x001890    program     static E:\3.46\pic18-lt\cxx-framework\src\traditional\math\addFP.asm
                jBANotInf   0x001834    program     static E:\3.46\pic18-lt\cxx-framework\src\traditional\math\addFP.asm
                 jBNotInf   0x00184c    program     static E:\3.46\pic18-lt\cxx-framework\src\traditional\math\addFP.asm
             jBothNotZero   0x001a3c    program     static E:\3.46\pic18-lt\cxx-framework\src\traditional\math\compFP.asm
            jDifOrPosSign   0x001860    program     static E:\3.46\pic18-lt\cxx-framework\src\traditional\math\addFP.asm
                     jDo1   0x002382    program     static E:\3.46\pic18-lt\cxx-framework\src\traditional\stdclib\itoa.asm
                     jDo2   0x00237e    program     static E:\3.46\pic18-lt\cxx-framework\src\traditional\stdclib\itoa.asm
                     jDo3   0x00237a    program     static E:\3.46\pic18-lt\cxx-framework\src\traditional\stdclib\itoa.asm
                     jDo4   0x002376    program     static E:\3.46\pic18-lt\cxx-framework\src\traditional\stdclib\itoa.asm
                     jDo5   0x002372    program     static E:\3.46\pic18-lt\cxx-framework\src\traditional\stdclib\itoa.asm
                      jEQ   0x001a58    program     static E:\3.46\pic18-lt\cxx-framework\src\traditional\math\compFP.asm
                     jEnd   0x00286a    program     static E:\3.46\pic18-lt\cxx-framework\src\traditional\stdclib\slenpgm.asm
                     jEnd   0x002832    program     static E:\3.46\pic18-lt\cxx-framework\src\traditional\stdclib\strlen.asm
                     jEnd   0x00241a    program     static E:\3.46\pic18-lt\cxx-framework\src\traditional\stdclib\itobcd.asm
                    jExch   0x001a64    program     static E:\3.46\pic18-lt\cxx-framework\src\traditional\math\compFP.asm
                    jExit   0x0019ea    program     static E:\3.46\pic18-lt\cxx-framework\src\traditional\math\castFP16.asm
                   jExpEQ   0x001aaa    program     static E:\3.46\pic18-lt\cxx-framework\src\traditional\math\compFP.asm
                   jFinal   0x001a8e    program     static E:\3.46\pic18-lt\cxx-framework\src\traditional\math\compFP.asm
               jFinalSign   0x00193a    program     static E:\3.46\pic18-lt\cxx-framework\src\traditional\math\addFP.asm
                    jLoop   0x0019ca    program     static E:\3.46\pic18-lt\cxx-framework\src\traditional\math\castFP16.asm
                    jLoop   0x0023f4    program     static E:\3.46\pic18-lt\cxx-framework\src\traditional\stdclib\itobcd.asm
                    jLoop   0x002828    program     static E:\3.46\pic18-lt\cxx-framework\src\traditional\stdclib\strlen.asm
                    jLoop   0x002852    program     static E:\3.46\pic18-lt\cxx-framework\src\traditional\stdclib\slenpgm.asm
                jLoopExit   0x0019da    program     static E:\3.46\pic18-lt\cxx-framework\src\traditional\math\castFP16.asm
                   jMatch   0x002ab6    program     static E:\3.46\pic18-lt\cxx-framework\src\traditional\stdclib\isdigit.asm
                     jMax   0x00199e    program     static E:\3.46\pic18-lt\cxx-framework\src\traditional\math\castFP16.asm
                  jMaxNeg   0x0019ac    program     static E:\3.46\pic18-lt\cxx-framework\src\traditional\math\castFP16.asm
                  jMaxPos   0x0019a2    program     static E:\3.46\pic18-lt\cxx-framework\src\traditional\math\castFP16.asm
                      jNE   0x001a5c    program     static E:\3.46\pic18-lt\cxx-framework\src\traditional\math\compFP.asm
                  jNoExch   0x001a84    program     static E:\3.46\pic18-lt\cxx-framework\src\traditional\math\compFP.asm
                 jNoMatch   0x002ab8    program     static E:\3.46\pic18-lt\cxx-framework\src\traditional\stdclib\isdigit.asm
             jNotBothZero   0x001864    program     static E:\3.46\pic18-lt\cxx-framework\src\traditional\math\addFP.asm
                  jNotInf   0x0019ba    program     static E:\3.46\pic18-lt\cxx-framework\src\traditional\math\castFP16.asm
                  jPkLoop   0x001b0e    program     static E:\3.46\pic18-lt\cxx-framework\src\traditional\math\packFP.asm
             jPkRoundDone   0x001b58    program     static E:\3.46\pic18-lt\cxx-framework\src\traditional\math\packFP.asm
               jPkRoundIt   0x001b40    program     static E:\3.46\pic18-lt\cxx-framework\src\traditional\math\packFP.asm
             jPkShiftDone   0x001b2a    program     static E:\3.46\pic18-lt\cxx-framework\src\traditional\math\packFP.asm
           jReturnPosInf0   0x001ae4    program     static E:\3.46\pic18-lt\cxx-framework\src\traditional\math\packFP.asm
                  jRotate   0x001ab6    program     static E:\3.46\pic18-lt\cxx-framework\src\traditional\math\compFP.asm
                   jShift   0x001aa0    program     static E:\3.46\pic18-lt\cxx-framework\src\traditional\math\compFP.asm
               jShiftDone   0x0018fa    program     static E:\3.46\pic18-lt\cxx-framework\src\traditional\math\addFP.asm
               jShiftLoop   0x0018ec    program     static E:\3.46\pic18-lt\cxx-framework\src\traditional\math\addFP.asm
                jSignDone   0x00192a    program     static E:\3.46\pic18-lt\cxx-framework\src\traditional\math\addFP.asm
                 jSignsEQ   0x001a40    program     static E:\3.46\pic18-lt\cxx-framework\src\traditional\math\compFP.asm
                jTstLowZ1   0x0023c6    program     static E:\3.46\pic18-lt\cxx-framework\src\traditional\stdclib\itoa.asm
                jTstSign1   0x002328    program     static E:\3.46\pic18-lt\cxx-framework\src\traditional\stdclib\itoa.asm
                  jUnpkA1   0x001b82    program     static E:\3.46\pic18-lt\cxx-framework\src\traditional\math\UnpackFP.asm
                  jUnpkA2   0x001b9a    program     static E:\3.46\pic18-lt\cxx-framework\src\traditional\math\UnpackFP.asm
                 jUnpkANZ   0x001b90    program     static E:\3.46\pic18-lt\cxx-framework\src\traditional\math\UnpackFP.asm
                  jUnpkB1   0x001bb2    program     static E:\3.46\pic18-lt\cxx-framework\src\traditional\math\UnpackFP.asm
                  jUnpkB2   0x001bca    program     static E:\3.46\pic18-lt\cxx-framework\src\traditional\math\UnpackFP.asm
                 jUnpkBNZ   0x001bc0    program     static E:\3.46\pic18-lt\cxx-framework\src\traditional\math\UnpackFP.asm
                 jUnpkNaN   0x001ba4    program     static E:\3.46\pic18-lt\cxx-framework\src\traditional\math\UnpackFP.asm
                 jWNotNeg   0x0018e6    program     static E:\3.46\pic18-lt\cxx-framework\src\traditional\math\addFP.asm
                    jZero   0x0019b4    program     static E:\3.46\pic18-lt\cxx-framework\src\traditional\math\castFP16.asm
               jZero1and2   0x001ae8    program     static E:\3.46\pic18-lt\cxx-framework\src\traditional\math\packFP.asm
                 lcdClear   0x002140    program     extern C:\Users\micha_5j3z6p3\Desktop\MPLAB\Serial\Final_Project.X\display.c
               lcdCommand   0x0020f2    program     extern C:\Users\micha_5j3z6p3\Desktop\MPLAB\Serial\Final_Project.X\display.c
               lcdDisplay   0x001ff8    program     extern C:\Users\micha_5j3z6p3\Desktop\MPLAB\Serial\Final_Project.X\display.c
                     loop   0x002b26    program     static E:\3.46\pic18-lt\cxx-framework\src\pmc_common\USART\_usartpc.asm
                     loop   0x00296e    program     static                          
                     loop   0x002b0a    program     static                          
                     loop   0x002a74    program     static                          
                   loop_h   0x002ae8    program     static E:\3.46\pic18-lt\cxx-framework\src\traditional\proc\p18f4520.asm
                   loop_l   0x002af2    program     static E:\3.46\pic18-lt\cxx-framework\src\traditional\proc\p18f4520.asm
                     main   0x000c62    program     extern C:\Users\micha_5j3z6p3\Desktop\MPLAB\Serial\Final_Project.X\main.c
                pauseMode   0x000f4e    program     extern C:\Users\micha_5j3z6p3\Desktop\MPLAB\Serial\Final_Project.X\main.c
                 playMode   0x000eaa    program     extern C:\Users\micha_5j3z6p3\Desktop\MPLAB\Serial\Final_Project.X\main.c
                     putc   0x0026b6    program     extern E:\3.46\pic18-lt\cxx-framework\src\traditional\stdclib\putc.c
                putsUSART   0x00287e    program     extern E:\3.46\pic18-lt\cxx-framework\src\pmc_common\USART\uputs.c
            readKnobValue   0x00245c    program     extern C:\Users\micha_5j3z6p3\Desktop\MPLAB\Serial\Final_Project.X\adcKnob.c
                 s_digits   0x002b5e    program     static E:\3.46\pic18-lt\cxx-framework\src\traditional\stdclib\vfprintf.c
            s_put_n_chars   0x000040    program     static E:\3.46\pic18-lt\cxx-framework\src\traditional\stdclib\vfprintf.c
              sendMessage   0x0028f2    program     extern C:\Users\micha_5j3z6p3\Desktop\MPLAB\Serial\Final_Project.X\uart.c
           setMatchStatus   0x002b48    program     extern C:\Users\micha_5j3z6p3\Desktop\MPLAB\Serial\Final_Project.X\controls.c
                  sprintf   0x0024e2    program     extern E:\3.46\pic18-lt\cxx-framework\src\traditional\stdclib\sprintf.c
                 stopMode   0x000fb2    program     extern C:\Users\micha_5j3z6p3\Desktop\MPLAB\Serial\Final_Project.X\main.c
                   strlen   0x002818    program     extern E:\3.46\pic18-lt\cxx-framework\src\traditional\stdclib\strlen.asm
                strlenpgm   0x002834    program     extern E:\3.46\pic18-lt\cxx-framework\src\traditional\stdclib\slenpgm.asm
                 switchTC   0x000f6c    program     extern C:\Users\micha_5j3z6p3\Desktop\MPLAB\Serial\Final_Project.X\main.c
                     test   0x0025a8    program     static                          
                 vfprintf   0x00006c    program     extern E:\3.46\pic18-lt\cxx-framework\src\traditional\stdclib\vfprintf.c
               zero_block   0x002ae8    program     static E:\3.46\pic18-lt\cxx-framework\src\traditional\proc\p18f4520.asm
                   ADCON0   0x000fc2       data     extern E:\3.46\pic18-lt\cxx-framework\src\traditional\proc\p18f4520.asm
               ADCON0bits   0x000fc2       data     extern E:\3.46\pic18-lt\cxx-framework\src\traditional\proc\p18f4520.asm
                   ADCON1   0x000fc1       data     extern E:\3.46\pic18-lt\cxx-framework\src\traditional\proc\p18f4520.asm
               ADCON1bits   0x000fc1       data     extern E:\3.46\pic18-lt\cxx-framework\src\traditional\proc\p18f4520.asm
                   ADCON2   0x000fc0       data     extern E:\3.46\pic18-lt\cxx-framework\src\traditional\proc\p18f4520.asm
               ADCON2bits   0x000fc0       data     extern E:\3.46\pic18-lt\cxx-framework\src\traditional\proc\p18f4520.asm
                    ADRES   0x000fc3       data     extern E:\3.46\pic18-lt\cxx-framework\src\traditional\proc\p18f4520.asm
                   ADRESH   0x000fc4       data     extern E:\3.46\pic18-lt\cxx-framework\src\traditional\proc\p18f4520.asm
                   ADRESL   0x000fc3       data     extern E:\3.46\pic18-lt\cxx-framework\src\traditional\proc\p18f4520.asm
                  BAUDCON   0x000fb8       data     extern E:\3.46\pic18-lt\cxx-framework\src\traditional\proc\p18f4520.asm
              BAUDCONbits   0x000fb8       data     extern E:\3.46\pic18-lt\cxx-framework\src\traditional\proc\p18f4520.asm
                  BAUDCTL   0x000fb8       data     extern E:\3.46\pic18-lt\cxx-framework\src\traditional\proc\p18f4520.asm
              BAUDCTLbits   0x000fb8       data     extern E:\3.46\pic18-lt\cxx-framework\src\traditional\proc\p18f4520.asm
                      BSR   0x000fe0       data     extern E:\3.46\pic18-lt\cxx-framework\src\traditional\proc\p18f4520.asm
                  CCP1CON   0x000fbd       data     extern E:\3.46\pic18-lt\cxx-framework\src\traditional\proc\p18f4520.asm
              CCP1CONbits   0x000fbd       data     extern E:\3.46\pic18-lt\cxx-framework\src\traditional\proc\p18f4520.asm
                  CCP2CON   0x000fba       data     extern E:\3.46\pic18-lt\cxx-framework\src\traditional\proc\p18f4520.asm
              CCP2CONbits   0x000fba       data     extern E:\3.46\pic18-lt\cxx-framework\src\traditional\proc\p18f4520.asm
                    CCPR1   0x000fbe       data     extern E:\3.46\pic18-lt\cxx-framework\src\traditional\proc\p18f4520.asm
                   CCPR1H   0x000fbf       data     extern E:\3.46\pic18-lt\cxx-framework\src\traditional\proc\p18f4520.asm
                   CCPR1L   0x000fbe       data     extern E:\3.46\pic18-lt\cxx-framework\src\traditional\proc\p18f4520.asm
                    CCPR2   0x000fbb       data     extern E:\3.46\pic18-lt\cxx-framework\src\traditional\proc\p18f4520.asm
                   CCPR2H   0x000fbc       data     extern E:\3.46\pic18-lt\cxx-framework\src\traditional\proc\p18f4520.asm
                   CCPR2L   0x000fbb       data     extern E:\3.46\pic18-lt\cxx-framework\src\traditional\proc\p18f4520.asm
                    CMCON   0x000fb4       data     extern E:\3.46\pic18-lt\cxx-framework\src\traditional\proc\p18f4520.asm
                CMCONbits   0x000fb4       data     extern E:\3.46\pic18-lt\cxx-framework\src\traditional\proc\p18f4520.asm
                   CVRCON   0x000fb5       data     extern E:\3.46\pic18-lt\cxx-framework\src\traditional\proc\p18f4520.asm
               CVRCONbits   0x000fb5       data     extern E:\3.46\pic18-lt\cxx-framework\src\traditional\proc\p18f4520.asm
                     DDRA   0x000f92       data     extern E:\3.46\pic18-lt\cxx-framework\src\traditional\proc\p18f4520.asm
                 DDRAbits   0x000f92       data     extern E:\3.46\pic18-lt\cxx-framework\src\traditional\proc\p18f4520.asm
                     DDRB   0x000f93       data     extern E:\3.46\pic18-lt\cxx-framework\src\traditional\proc\p18f4520.asm
                 DDRBbits   0x000f93       data     extern E:\3.46\pic18-lt\cxx-framework\src\traditional\proc\p18f4520.asm
                     DDRC   0x000f94       data     extern E:\3.46\pic18-lt\cxx-framework\src\traditional\proc\p18f4520.asm
                 DDRCbits   0x000f94       data     extern E:\3.46\pic18-lt\cxx-framework\src\traditional\proc\p18f4520.asm
                     DDRD   0x000f95       data     extern E:\3.46\pic18-lt\cxx-framework\src\traditional\proc\p18f4520.asm
                 DDRDbits   0x000f95       data     extern E:\3.46\pic18-lt\cxx-framework\src\traditional\proc\p18f4520.asm
                     DDRE   0x000f96       data     extern E:\3.46\pic18-lt\cxx-framework\src\traditional\proc\p18f4520.asm
                 DDREbits   0x000f96       data     extern E:\3.46\pic18-lt\cxx-framework\src\traditional\proc\p18f4520.asm
            DelayCounter1   0x00002d       data     extern E:\3.46\pic18-lt\cxx-framework\src\traditional\delays\delayd1.asm
            DelayCounter2   0x00002c       data     extern E:\3.46\pic18-lt\cxx-framework\src\traditional\delays\delayd2.asm
                  ECCP1AS   0x000fb6       data     extern E:\3.46\pic18-lt\cxx-framework\src\traditional\proc\p18f4520.asm
              ECCP1ASbits   0x000fb6       data     extern E:\3.46\pic18-lt\cxx-framework\src\traditional\proc\p18f4520.asm
                 ECCP1DEL   0x000fb7       data     extern E:\3.46\pic18-lt\cxx-framework\src\traditional\proc\p18f4520.asm
             ECCP1DELbits   0x000fb7       data     extern E:\3.46\pic18-lt\cxx-framework\src\traditional\proc\p18f4520.asm
                   ECCPAS   0x000fb6       data     extern E:\3.46\pic18-lt\cxx-framework\src\traditional\proc\p18f4520.asm
               ECCPASbits   0x000fb6       data     extern E:\3.46\pic18-lt\cxx-framework\src\traditional\proc\p18f4520.asm
                    EEADR   0x000fa9       data     extern E:\3.46\pic18-lt\cxx-framework\src\traditional\proc\p18f4520.asm
                   EECON1   0x000fa6       data     extern E:\3.46\pic18-lt\cxx-framework\src\traditional\proc\p18f4520.asm
               EECON1bits   0x000fa6       data     extern E:\3.46\pic18-lt\cxx-framework\src\traditional\proc\p18f4520.asm
                   EECON2   0x000fa7       data     extern E:\3.46\pic18-lt\cxx-framework\src\traditional\proc\p18f4520.asm
                   EEDATA   0x000fa8       data     extern E:\3.46\pic18-lt\cxx-framework\src\traditional\proc\p18f4520.asm
                     FSR0   0x000fe9       data     extern E:\3.46\pic18-lt\cxx-framework\src\traditional\proc\p18f4520.asm
                    FSR0H   0x000fea       data     extern E:\3.46\pic18-lt\cxx-framework\src\traditional\proc\p18f4520.asm
                    FSR0L   0x000fe9       data     extern E:\3.46\pic18-lt\cxx-framework\src\traditional\proc\p18f4520.asm
                     FSR1   0x000fe1       data     extern E:\3.46\pic18-lt\cxx-framework\src\traditional\proc\p18f4520.asm
                    FSR1H   0x000fe2       data     extern E:\3.46\pic18-lt\cxx-framework\src\traditional\proc\p18f4520.asm
                    FSR1L   0x000fe1       data     extern E:\3.46\pic18-lt\cxx-framework\src\traditional\proc\p18f4520.asm
                     FSR2   0x000fd9       data     extern E:\3.46\pic18-lt\cxx-framework\src\traditional\proc\p18f4520.asm
                    FSR2H   0x000fda       data     extern E:\3.46\pic18-lt\cxx-framework\src\traditional\proc\p18f4520.asm
                    FSR2L   0x000fd9       data     extern E:\3.46\pic18-lt\cxx-framework\src\traditional\proc\p18f4520.asm
                  HLVDCON   0x000fd2       data     extern E:\3.46\pic18-lt\cxx-framework\src\traditional\proc\p18f4520.asm
              HLVDCONbits   0x000fd2       data     extern E:\3.46\pic18-lt\cxx-framework\src\traditional\proc\p18f4520.asm
                    INDF0   0x000fef       data     extern E:\3.46\pic18-lt\cxx-framework\src\traditional\proc\p18f4520.asm
                    INDF1   0x000fe7       data     extern E:\3.46\pic18-lt\cxx-framework\src\traditional\proc\p18f4520.asm
                    INDF2   0x000fdf       data     extern E:\3.46\pic18-lt\cxx-framework\src\traditional\proc\p18f4520.asm
                   INTCON   0x000ff2       data     extern E:\3.46\pic18-lt\cxx-framework\src\traditional\proc\p18f4520.asm
                  INTCON2   0x000ff1       data     extern E:\3.46\pic18-lt\cxx-framework\src\traditional\proc\p18f4520.asm
              INTCON2bits   0x000ff1       data     extern E:\3.46\pic18-lt\cxx-framework\src\traditional\proc\p18f4520.asm
                  INTCON3   0x000ff0       data     extern E:\3.46\pic18-lt\cxx-framework\src\traditional\proc\p18f4520.asm
              INTCON3bits   0x000ff0       data     extern E:\3.46\pic18-lt\cxx-framework\src\traditional\proc\p18f4520.asm
               INTCONbits   0x000ff2       data     extern E:\3.46\pic18-lt\cxx-framework\src\traditional\proc\p18f4520.asm
                     IPR1   0x000f9f       data     extern E:\3.46\pic18-lt\cxx-framework\src\traditional\proc\p18f4520.asm
                 IPR1bits   0x000f9f       data     extern E:\3.46\pic18-lt\cxx-framework\src\traditional\proc\p18f4520.asm
                     IPR2   0x000fa2       data     extern E:\3.46\pic18-lt\cxx-framework\src\traditional\proc\p18f4520.asm
                 IPR2bits   0x000fa2       data     extern E:\3.46\pic18-lt\cxx-framework\src\traditional\proc\p18f4520.asm
                     LATA   0x000f89       data     extern E:\3.46\pic18-lt\cxx-framework\src\traditional\proc\p18f4520.asm
                 LATAbits   0x000f89       data     extern E:\3.46\pic18-lt\cxx-framework\src\traditional\proc\p18f4520.asm
                     LATB   0x000f8a       data     extern E:\3.46\pic18-lt\cxx-framework\src\traditional\proc\p18f4520.asm
                 LATBbits   0x000f8a       data     extern E:\3.46\pic18-lt\cxx-framework\src\traditional\proc\p18f4520.asm
                     LATC   0x000f8b       data     extern E:\3.46\pic18-lt\cxx-framework\src\traditional\proc\p18f4520.asm
                 LATCbits   0x000f8b       data     extern E:\3.46\pic18-lt\cxx-framework\src\traditional\proc\p18f4520.asm
                     LATD   0x000f8c       data     extern E:\3.46\pic18-lt\cxx-framework\src\traditional\proc\p18f4520.asm
                 LATDbits   0x000f8c       data     extern E:\3.46\pic18-lt\cxx-framework\src\traditional\proc\p18f4520.asm
                     LATE   0x000f8d       data     extern E:\3.46\pic18-lt\cxx-framework\src\traditional\proc\p18f4520.asm
                 LATEbits   0x000f8d       data     extern E:\3.46\pic18-lt\cxx-framework\src\traditional\proc\p18f4520.asm
                   LVDCON   0x000fd2       data     extern E:\3.46\pic18-lt\cxx-framework\src\traditional\proc\p18f4520.asm
               LVDCONbits   0x000fd2       data     extern E:\3.46\pic18-lt\cxx-framework\src\traditional\proc\p18f4520.asm
                   OSCCON   0x000fd3       data     extern E:\3.46\pic18-lt\cxx-framework\src\traditional\proc\p18f4520.asm
               OSCCONbits   0x000fd3       data     extern E:\3.46\pic18-lt\cxx-framework\src\traditional\proc\p18f4520.asm
                  OSCTUNE   0x000f9b       data     extern E:\3.46\pic18-lt\cxx-framework\src\traditional\proc\p18f4520.asm
              OSCTUNEbits   0x000f9b       data     extern E:\3.46\pic18-lt\cxx-framework\src\traditional\proc\p18f4520.asm
                       PC   0x000ff9       data     extern E:\3.46\pic18-lt\cxx-framework\src\traditional\proc\p18f4520.asm
                      PCL   0x000ff9       data     extern E:\3.46\pic18-lt\cxx-framework\src\traditional\proc\p18f4520.asm
                   PCLATH   0x000ffa       data     extern E:\3.46\pic18-lt\cxx-framework\src\traditional\proc\p18f4520.asm
                   PCLATU   0x000ffb       data     extern E:\3.46\pic18-lt\cxx-framework\src\traditional\proc\p18f4520.asm
                     PIE1   0x000f9d       data     extern E:\3.46\pic18-lt\cxx-framework\src\traditional\proc\p18f4520.asm
                 PIE1bits   0x000f9d       data     extern E:\3.46\pic18-lt\cxx-framework\src\traditional\proc\p18f4520.asm
                     PIE2   0x000fa0       data     extern E:\3.46\pic18-lt\cxx-framework\src\traditional\proc\p18f4520.asm
                 PIE2bits   0x000fa0       data     extern E:\3.46\pic18-lt\cxx-framework\src\traditional\proc\p18f4520.asm
                     PIR1   0x000f9e       data     extern E:\3.46\pic18-lt\cxx-framework\src\traditional\proc\p18f4520.asm
                 PIR1bits   0x000f9e       data     extern E:\3.46\pic18-lt\cxx-framework\src\traditional\proc\p18f4520.asm
                     PIR2   0x000fa1       data     extern E:\3.46\pic18-lt\cxx-framework\src\traditional\proc\p18f4520.asm
                 PIR2bits   0x000fa1       data     extern E:\3.46\pic18-lt\cxx-framework\src\traditional\proc\p18f4520.asm
                   PLUSW0   0x000feb       data     extern E:\3.46\pic18-lt\cxx-framework\src\traditional\proc\p18f4520.asm
                   PLUSW1   0x000fe3       data     extern E:\3.46\pic18-lt\cxx-framework\src\traditional\proc\p18f4520.asm
                   PLUSW2   0x000fdb       data     extern E:\3.46\pic18-lt\cxx-framework\src\traditional\proc\p18f4520.asm
                    PORTA   0x000f80       data     extern E:\3.46\pic18-lt\cxx-framework\src\traditional\proc\p18f4520.asm
                PORTAbits   0x000f80       data     extern E:\3.46\pic18-lt\cxx-framework\src\traditional\proc\p18f4520.asm
                    PORTB   0x000f81       data     extern E:\3.46\pic18-lt\cxx-framework\src\traditional\proc\p18f4520.asm
                PORTBbits   0x000f81       data     extern E:\3.46\pic18-lt\cxx-framework\src\traditional\proc\p18f4520.asm
                    PORTC   0x000f82       data     extern E:\3.46\pic18-lt\cxx-framework\src\traditional\proc\p18f4520.asm
                PORTCbits   0x000f82       data     extern E:\3.46\pic18-lt\cxx-framework\src\traditional\proc\p18f4520.asm
                    PORTD   0x000f83       data     extern E:\3.46\pic18-lt\cxx-framework\src\traditional\proc\p18f4520.asm
                PORTDbits   0x000f83       data     extern E:\3.46\pic18-lt\cxx-framework\src\traditional\proc\p18f4520.asm
                    PORTE   0x000f84       data     extern E:\3.46\pic18-lt\cxx-framework\src\traditional\proc\p18f4520.asm
                PORTEbits   0x000f84       data     extern E:\3.46\pic18-lt\cxx-framework\src\traditional\proc\p18f4520.asm
                 POSTDEC0   0x000fed       data     extern E:\3.46\pic18-lt\cxx-framework\src\traditional\proc\p18f4520.asm
                 POSTDEC1   0x000fe5       data     extern E:\3.46\pic18-lt\cxx-framework\src\traditional\proc\p18f4520.asm
                 POSTDEC2   0x000fdd       data     extern E:\3.46\pic18-lt\cxx-framework\src\traditional\proc\p18f4520.asm
                 POSTINC0   0x000fee       data     extern E:\3.46\pic18-lt\cxx-framework\src\traditional\proc\p18f4520.asm
                 POSTINC1   0x000fe6       data     extern E:\3.46\pic18-lt\cxx-framework\src\traditional\proc\p18f4520.asm
                 POSTINC2   0x000fde       data     extern E:\3.46\pic18-lt\cxx-framework\src\traditional\proc\p18f4520.asm
                      PR2   0x000fcb       data     extern E:\3.46\pic18-lt\cxx-framework\src\traditional\proc\p18f4520.asm
                  PREINC0   0x000fec       data     extern E:\3.46\pic18-lt\cxx-framework\src\traditional\proc\p18f4520.asm
                  PREINC1   0x000fe4       data     extern E:\3.46\pic18-lt\cxx-framework\src\traditional\proc\p18f4520.asm
                  PREINC2   0x000fdc       data     extern E:\3.46\pic18-lt\cxx-framework\src\traditional\proc\p18f4520.asm
                     PROD   0x000ff3       data     extern E:\3.46\pic18-lt\cxx-framework\src\traditional\proc\p18f4520.asm
                    PRODH   0x000ff4       data     extern E:\3.46\pic18-lt\cxx-framework\src\traditional\proc\p18f4520.asm
                    PRODL   0x000ff3       data     extern E:\3.46\pic18-lt\cxx-framework\src\traditional\proc\p18f4520.asm
                  PWM1CON   0x000fb7       data     extern E:\3.46\pic18-lt\cxx-framework\src\traditional\proc\p18f4520.asm
              PWM1CONbits   0x000fb7       data     extern E:\3.46\pic18-lt\cxx-framework\src\traditional\proc\p18f4520.asm
                     RCON   0x000fd0       data     extern E:\3.46\pic18-lt\cxx-framework\src\traditional\proc\p18f4520.asm
                 RCONbits   0x000fd0       data     extern E:\3.46\pic18-lt\cxx-framework\src\traditional\proc\p18f4520.asm
                    RCREG   0x000fae       data     extern E:\3.46\pic18-lt\cxx-framework\src\traditional\proc\p18f4520.asm
                    RCSTA   0x000fab       data     extern E:\3.46\pic18-lt\cxx-framework\src\traditional\proc\p18f4520.asm
                RCSTAbits   0x000fab       data     extern E:\3.46\pic18-lt\cxx-framework\src\traditional\proc\p18f4520.asm
                     SIGN   0x000000       data     extern E:\3.46\pic18-lt\cxx-framework\src\traditional\math\cmath18.asm
                    SPBRG   0x000faf       data     extern E:\3.46\pic18-lt\cxx-framework\src\traditional\proc\p18f4520.asm
                   SPBRGH   0x000fb0       data     extern E:\3.46\pic18-lt\cxx-framework\src\traditional\proc\p18f4520.asm
                   SSPADD   0x000fc8       data     extern E:\3.46\pic18-lt\cxx-framework\src\traditional\proc\p18f4520.asm
                   SSPBUF   0x000fc9       data     extern E:\3.46\pic18-lt\cxx-framework\src\traditional\proc\p18f4520.asm
                  SSPCON1   0x000fc6       data     extern E:\3.46\pic18-lt\cxx-framework\src\traditional\proc\p18f4520.asm
              SSPCON1bits   0x000fc6       data     extern E:\3.46\pic18-lt\cxx-framework\src\traditional\proc\p18f4520.asm
                  SSPCON2   0x000fc5       data     extern E:\3.46\pic18-lt\cxx-framework\src\traditional\proc\p18f4520.asm
              SSPCON2bits   0x000fc5       data     extern E:\3.46\pic18-lt\cxx-framework\src\traditional\proc\p18f4520.asm
                  SSPSTAT   0x000fc7       data     extern E:\3.46\pic18-lt\cxx-framework\src\traditional\proc\p18f4520.asm
              SSPSTATbits   0x000fc7       data     extern E:\3.46\pic18-lt\cxx-framework\src\traditional\proc\p18f4520.asm
                   STATUS   0x000fd8       data     extern E:\3.46\pic18-lt\cxx-framework\src\traditional\proc\p18f4520.asm
               STATUSbits   0x000fd8       data     extern E:\3.46\pic18-lt\cxx-framework\src\traditional\proc\p18f4520.asm
                   STKPTR   0x000ffc       data     extern E:\3.46\pic18-lt\cxx-framework\src\traditional\proc\p18f4520.asm
               STKPTRbits   0x000ffc       data     extern E:\3.46\pic18-lt\cxx-framework\src\traditional\proc\p18f4520.asm
                    T0CON   0x000fd5       data     extern E:\3.46\pic18-lt\cxx-framework\src\traditional\proc\p18f4520.asm
                T0CONbits   0x000fd5       data     extern E:\3.46\pic18-lt\cxx-framework\src\traditional\proc\p18f4520.asm
                    T1CON   0x000fcd       data     extern E:\3.46\pic18-lt\cxx-framework\src\traditional\proc\p18f4520.asm
                T1CONbits   0x000fcd       data     extern E:\3.46\pic18-lt\cxx-framework\src\traditional\proc\p18f4520.asm
                    T2CON   0x000fca       data     extern E:\3.46\pic18-lt\cxx-framework\src\traditional\proc\p18f4520.asm
                T2CONbits   0x000fca       data     extern E:\3.46\pic18-lt\cxx-framework\src\traditional\proc\p18f4520.asm
                    T3CON   0x000fb1       data     extern E:\3.46\pic18-lt\cxx-framework\src\traditional\proc\p18f4520.asm
                T3CONbits   0x000fb1       data     extern E:\3.46\pic18-lt\cxx-framework\src\traditional\proc\p18f4520.asm
                   TABLAT   0x000ff5       data     extern E:\3.46\pic18-lt\cxx-framework\src\traditional\proc\p18f4520.asm
                   TBLPTR   0x000ff6       data     extern E:\3.46\pic18-lt\cxx-framework\src\traditional\proc\p18f4520.asm
                  TBLPTRH   0x000ff7       data     extern E:\3.46\pic18-lt\cxx-framework\src\traditional\proc\p18f4520.asm
                  TBLPTRL   0x000ff6       data     extern E:\3.46\pic18-lt\cxx-framework\src\traditional\proc\p18f4520.asm
                  TBLPTRU   0x000ff8       data     extern E:\3.46\pic18-lt\cxx-framework\src\traditional\proc\p18f4520.asm
                    TMR0H   0x000fd7       data     extern E:\3.46\pic18-lt\cxx-framework\src\traditional\proc\p18f4520.asm
                    TMR0L   0x000fd6       data     extern E:\3.46\pic18-lt\cxx-framework\src\traditional\proc\p18f4520.asm
                    TMR1H   0x000fcf       data     extern E:\3.46\pic18-lt\cxx-framework\src\traditional\proc\p18f4520.asm
                    TMR1L   0x000fce       data     extern E:\3.46\pic18-lt\cxx-framework\src\traditional\proc\p18f4520.asm
                     TMR2   0x000fcc       data     extern E:\3.46\pic18-lt\cxx-framework\src\traditional\proc\p18f4520.asm
                    TMR3H   0x000fb3       data     extern E:\3.46\pic18-lt\cxx-framework\src\traditional\proc\p18f4520.asm
                    TMR3L   0x000fb2       data     extern E:\3.46\pic18-lt\cxx-framework\src\traditional\proc\p18f4520.asm
                      TOS   0x000ffd       data     extern E:\3.46\pic18-lt\cxx-framework\src\traditional\proc\p18f4520.asm
                     TOSH   0x000ffe       data     extern E:\3.46\pic18-lt\cxx-framework\src\traditional\proc\p18f4520.asm
                     TOSL   0x000ffd       data     extern E:\3.46\pic18-lt\cxx-framework\src\traditional\proc\p18f4520.asm
                     TOSU   0x000fff       data     extern E:\3.46\pic18-lt\cxx-framework\src\traditional\proc\p18f4520.asm
                    TRISA   0x000f92       data     extern E:\3.46\pic18-lt\cxx-framework\src\traditional\proc\p18f4520.asm
                TRISAbits   0x000f92       data     extern E:\3.46\pic18-lt\cxx-framework\src\traditional\proc\p18f4520.asm
                    TRISB   0x000f93       data     extern E:\3.46\pic18-lt\cxx-framework\src\traditional\proc\p18f4520.asm
                TRISBbits   0x000f93       data     extern E:\3.46\pic18-lt\cxx-framework\src\traditional\proc\p18f4520.asm
                    TRISC   0x000f94       data     extern E:\3.46\pic18-lt\cxx-framework\src\traditional\proc\p18f4520.asm
                TRISCbits   0x000f94       data     extern E:\3.46\pic18-lt\cxx-framework\src\traditional\proc\p18f4520.asm
                    TRISD   0x000f95       data     extern E:\3.46\pic18-lt\cxx-framework\src\traditional\proc\p18f4520.asm
                TRISDbits   0x000f95       data     extern E:\3.46\pic18-lt\cxx-framework\src\traditional\proc\p18f4520.asm
                    TRISE   0x000f96       data     extern E:\3.46\pic18-lt\cxx-framework\src\traditional\proc\p18f4520.asm
                TRISEbits   0x000f96       data     extern E:\3.46\pic18-lt\cxx-framework\src\traditional\proc\p18f4520.asm
                    TXREG   0x000fad       data     extern E:\3.46\pic18-lt\cxx-framework\src\traditional\proc\p18f4520.asm
                    TXSTA   0x000fac       data     extern E:\3.46\pic18-lt\cxx-framework\src\traditional\proc\p18f4520.asm
                TXSTAbits   0x000fac       data     extern E:\3.46\pic18-lt\cxx-framework\src\traditional\proc\p18f4520.asm
             USART_Status   0x0002fd       data     extern E:\3.46\pic18-lt\cxx-framework\src\pmc_common\USART\udefs.c
                        W   0x000fe8       data     extern E:\3.46\pic18-lt\cxx-framework\src\traditional\proc\p18f4520.asm
                   WDTCON   0x000fd1       data     extern E:\3.46\pic18-lt\cxx-framework\src\traditional\proc\p18f4520.asm
               WDTCONbits   0x000fd1       data     extern E:\3.46\pic18-lt\cxx-framework\src\traditional\proc\p18f4520.asm
                     WREG   0x000fe8       data     extern E:\3.46\pic18-lt\cxx-framework\src\traditional\proc\p18f4520.asm
                 __AARGB0   0x000009       data     extern E:\3.46\pic18-lt\cxx-framework\src\traditional\math\aarg.asm
                 __AARGB1   0x000008       data     extern E:\3.46\pic18-lt\cxx-framework\src\traditional\math\aarg.asm
                 __AARGB2   0x000007       data     extern E:\3.46\pic18-lt\cxx-framework\src\traditional\math\aarg.asm
                 __AARGB3   0x000006       data     extern E:\3.46\pic18-lt\cxx-framework\src\traditional\math\aarg.asm
                 __AARGB4   0x000005       data     extern E:\3.46\pic18-lt\cxx-framework\src\traditional\math\aarg.asm
                 __AARGB5   0x000004       data     extern E:\3.46\pic18-lt\cxx-framework\src\traditional\math\aarg.asm
                 __AARGB6   0x000003       data     extern E:\3.46\pic18-lt\cxx-framework\src\traditional\math\aarg.asm
                 __AARGB7   0x000002       data     extern E:\3.46\pic18-lt\cxx-framework\src\traditional\math\aarg.asm
                   __AEXP   0x00000a       data     extern E:\3.46\pic18-lt\cxx-framework\src\traditional\math\aarg.asm
                 __BARGB0   0x00000e       data     extern E:\3.46\pic18-lt\cxx-framework\src\traditional\math\barg.asm
                 __BARGB1   0x00000d       data     extern E:\3.46\pic18-lt\cxx-framework\src\traditional\math\barg.asm
                 __BARGB2   0x00000c       data     extern E:\3.46\pic18-lt\cxx-framework\src\traditional\math\barg.asm
                 __BARGB3   0x00000b       data     extern E:\3.46\pic18-lt\cxx-framework\src\traditional\math\barg.asm
                   __BEXP   0x00000f       data     extern E:\3.46\pic18-lt\cxx-framework\src\traditional\math\barg.asm
                __FPFLAGS   0x000001       data     extern E:\3.46\pic18-lt\cxx-framework\src\traditional\math\cmath18.asm
            __FPFLAGSbits   0x000001       data     extern E:\3.46\pic18-lt\cxx-framework\src\traditional\math\cmath18.asm
                  __REMB0   0x000005       data     extern E:\3.46\pic18-lt\cxx-framework\src\traditional\math\aarg.asm
                  __REMB1   0x000004       data     extern E:\3.46\pic18-lt\cxx-framework\src\traditional\math\aarg.asm
                  __REMB2   0x000003       data     extern E:\3.46\pic18-lt\cxx-framework\src\traditional\math\aarg.asm
                  __REMB3   0x000002       data     extern E:\3.46\pic18-lt\cxx-framework\src\traditional\math\aarg.asm
                   __TEMP   0x000013       data     extern E:\3.46\pic18-lt\cxx-framework\src\traditional\math\temparg.asm
                 __TEMPB0   0x000013       data     extern E:\3.46\pic18-lt\cxx-framework\src\traditional\math\temparg.asm
                 __TEMPB1   0x000012       data     extern E:\3.46\pic18-lt\cxx-framework\src\traditional\math\temparg.asm
                 __TEMPB2   0x000011       data     extern E:\3.46\pic18-lt\cxx-framework\src\traditional\math\temparg.asm
                 __TEMPB3   0x000010       data     extern E:\3.46\pic18-lt\cxx-framework\src\traditional\math\temparg.asm
                  __tmp_0   0x000020       data     static E:\3.46\pic18-lt\cxx-framework\src\traditional\stdclib\sprintf.c
                  __tmp_0   0x000020       data     static E:\3.46\pic18-lt\cxx-framework\src\pmc_common\ADC\adcsetch.c
                  __tmp_0   0x000020       data     static E:\3.46\pic18-lt\cxx-framework\src\pmc_common\USART\uopen.c
                  __tmp_0   0x000020       data     static E:\3.46\pic18-lt\cxx-framework\src\traditional\stdclib\vfprintf.c
                  __tmp_0   0x000020       data     static E:\3.46\pic18-lt\cxx-framework\src\traditional\stdclib\putc.c
                  __tmp_0   0x000020       data     static E:\3.46\pic18-lt\cxx-framework\src\pmc_common\ADC\adcopen.c
                  __tmp_0   0x000020       data     static C:\Users\micha_5j3z6p3\Desktop\MPLAB\Serial\Final_Project.X\adcKnob.c
                  __tmp_0   0x000020       data     static C:\Users\micha_5j3z6p3\Desktop\MPLAB\Serial\Final_Project.X\display.c
                  __tmp_0   0x000020       data     static C:\Users\micha_5j3z6p3\Desktop\MPLAB\Serial\Final_Project.X\main.c
                  __tmp_0   0x000020       data     static C:\Users\micha_5j3z6p3\Desktop\MPLAB\Serial\Final_Project.X\timing.c
                  __tmp_1   0x000014       data     static C:\Users\micha_5j3z6p3\Desktop\MPLAB\Serial\Final_Project.X\main.c
                  adcEcho   0x0000c0       data     extern C:\Users\micha_5j3z6p3\Desktop\MPLAB\Serial\Final_Project.X\adcKnob.c
                    black   0x0002d7       data     extern C:\Users\micha_5j3z6p3\Desktop\MPLAB\Serial\Final_Project.X\main.h
                     buff   0x000200       data     extern C:\Users\micha_5j3z6p3\Desktop\MPLAB\Serial\Final_Project.X\main.h
              centiSecond   0x0002f1       data     static C:\Users\micha_5j3z6p3\Desktop\MPLAB\Serial\Final_Project.X\main.c
          characterLength   0x0002c9       data     extern C:\Users\micha_5j3z6p3\Desktop\MPLAB\Serial\Final_Project.X\display.c
                curr_byte   0x0002f6       data     static E:\3.46\pic18-lt\cxx-framework\src\traditional\startup\c018i.c
               curr_entry   0x0002f8       data     static E:\3.46\pic18-lt\cxx-framework\src\traditional\startup\c018i.c
[...]
                TRISCbits   0x000f94       data     extern E:\3.46\pic18-lt\cxx-framework\src\traditional\proc\p18f4520.asm
                    TRISC   0x000f94       data     extern E:\3.46\pic18-lt\cxx-framework\src\traditional\proc\p18f4520.asm
                     DDRC   0x000f94       data     extern E:\3.46\pic18-lt\cxx-framework\src\traditional\proc\p18f4520.asm
                 DDRCbits   0x000f94       data     extern E:\3.46\pic18-lt\cxx-framework\src\traditional\proc\p18f4520.asm
                TRISDbits   0x000f95       data     extern E:\3.46\pic18-lt\cxx-framework\src\traditional\proc\p18f4520.asm
                    TRISD   0x000f95       data     extern E:\3.46\pic18-lt\cxx-framework\src\traditional\proc\p18f4520.asm
                     DDRD   0x000f95       data     extern E:\3.46\pic18-lt\cxx-framework\src\traditional\proc\p18f4520.asm
                 DDRDbits   0x000f95       data     extern E:\3.46\pic18-lt\cxx-framework\src\traditional\proc\p18f4520.asm
                TRISEbits   0x000f96       data     extern E:\3.46\pic18-lt\cxx-framework\src\traditional\proc\p18f4520.asm
                    TRISE   0x000f96       data     extern E:\3.46\pic18-lt\cxx-framework\src\traditional\proc\p18f4520.asm
                     DDRE   0x000f96       data     extern E:\3.46\pic18-lt\cxx-framework\src\traditional\proc\p18f4520.asm
                 DDREbits   0x000f96       data     extern E:\3.46\pic18-lt\cxx-framework\src\traditional\proc\p18f4520.asm
                  OSCTUNE   0x000f9b       data     extern E:\3.46\pic18-lt\cxx-framework\src\traditional\proc\p18f4520.asm
              OSCTUNEbits   0x000f9b       data     extern E:\3.46\pic18-lt\cxx-framework\src\traditional\proc\p18f4520.asm
                     PIE1   0x000f9d       data     extern E:\3.46\pic18-lt\cxx-framework\src\traditional\proc\p18f4520.asm
                 PIE1bits   0x000f9d       data     extern E:\3.46\pic18-lt\cxx-framework\src\traditional\proc\p18f4520.asm
                 PIR1bits   0x000f9e       data     extern E:\3.46\pic18-lt\cxx-framework\src\traditional\proc\p18f4520.asm
                     PIR1   0x000f9e       data     extern E:\3.46\pic18-lt\cxx-framework\src\traditional\proc\p18f4520.asm
                     IPR1   0x000f9f       data     extern E:\3.46\pic18-lt\cxx-framework\src\traditional\proc\p18f4520.asm
                 IPR1bits   0x000f9f       data     extern E:\3.46\pic18-lt\cxx-framework\src\traditional\proc\p18f4520.asm
                     PIE2   0x000fa0       data     extern E:\3.46\pic18-lt\cxx-framework\src\traditional\proc\p18f4520.asm
                 PIE2bits   0x000fa0       data     extern E:\3.46\pic18-lt\cxx-framework\src\traditional\proc\p18f4520.asm
                 PIR2bits   0x000fa1       data     extern E:\3.46\pic18-lt\cxx-framework\src\traditional\proc\p18f4520.asm
                     PIR2   0x000fa1       data     extern E:\3.46\pic18-lt\cxx-framework\src\traditional\proc\p18f4520.asm
                     IPR2   0x000fa2       data     extern E:\3.46\pic18-lt\cxx-framework\src\traditional\proc\p18f4520.asm
                 IPR2bits   0x000fa2       data     extern E:\3.46\pic18-lt\cxx-framework\src\traditional\proc\p18f4520.asm
                   EECON1   0x000fa6       data     extern E:\3.46\pic18-lt\cxx-framework\src\traditional\proc\p18f4520.asm
               EECON1bits   0x000fa6       data     extern E:\3.46\pic18-lt\cxx-framework\src\traditional\proc\p18f4520.asm
                   EECON2   0x000fa7       data     extern E:\3.46\pic18-lt\cxx-framework\src\traditional\proc\p18f4520.asm
                   EEDATA   0x000fa8       data     extern E:\3.46\pic18-lt\cxx-framework\src\traditional\proc\p18f4520.asm
                    EEADR   0x000fa9       data     extern E:\3.46\pic18-lt\cxx-framework\src\traditional\proc\p18f4520.asm
                    RCSTA   0x000fab       data     extern E:\3.46\pic18-lt\cxx-framework\src\traditional\proc\p18f4520.asm
                RCSTAbits   0x000fab       data     extern E:\3.46\pic18-lt\cxx-framework\src\traditional\proc\p18f4520.asm
                    TXSTA   0x000fac       data     extern E:\3.46\pic18-lt\cxx-framework\src\traditional\proc\p18f4520.asm
                TXSTAbits   0x000fac       data     extern E:\3.46\pic18-lt\cxx-framework\src\traditional\proc\p18f4520.asm
                    TXREG   0x000fad       data     extern E:\3.46\pic18-lt\cxx-framework\src\traditional\proc\p18f4520.asm
                    RCREG   0x000fae       data     extern E:\3.46\pic18-lt\cxx-framework\src\traditional\proc\p18f4520.asm
                    SPBRG   0x000faf       data     extern E:\3.46\pic18-lt\cxx-framework\src\traditional\proc\p18f4520.asm
                   SPBRGH   0x000fb0       data     extern E:\3.46\pic18-lt\cxx-framework\src\traditional\proc\p18f4520.asm
                T3CONbits   0x000fb1       data     extern E:\3.46\pic18-lt\cxx-framework\src\traditional\proc\p18f4520.asm
                    T3CON   0x000fb1       data     extern E:\3.46\pic18-lt\cxx-framework\src\traditional\proc\p18f4520.asm
                    TMR3L   0x000fb2       data     extern E:\3.46\pic18-lt\cxx-framework\src\traditional\proc\p18f4520.asm
                    TMR3H   0x000fb3       data     extern E:\3.46\pic18-lt\cxx-framework\src\traditional\proc\p18f4520.asm
                CMCONbits   0x000fb4       data     extern E:\3.46\pic18-lt\cxx-framework\src\traditional\proc\p18f4520.asm
                    CMCON   0x000fb4       data     extern E:\3.46\pic18-lt\cxx-framework\src\traditional\proc\p18f4520.asm
               CVRCONbits   0x000fb5       data     extern E:\3.46\pic18-lt\cxx-framework\src\traditional\proc\p18f4520.asm
                   CVRCON   0x000fb5       data     extern E:\3.46\pic18-lt\cxx-framework\src\traditional\proc\p18f4520.asm
               ECCPASbits   0x000fb6       data     extern E:\3.46\pic18-lt\cxx-framework\src\traditional\proc\p18f4520.asm
                   ECCPAS   0x000fb6       data     extern E:\3.46\pic18-lt\cxx-framework\src\traditional\proc\p18f4520.asm
              ECCP1ASbits   0x000fb6       data     extern E:\3.46\pic18-lt\cxx-framework\src\traditional\proc\p18f4520.asm
                  ECCP1AS   0x000fb6       data     extern E:\3.46\pic18-lt\cxx-framework\src\traditional\proc\p18f4520.asm
             ECCP1DELbits   0x000fb7       data     extern E:\3.46\pic18-lt\cxx-framework\src\traditional\proc\p18f4520.asm
                 ECCP1DEL   0x000fb7       data     extern E:\3.46\pic18-lt\cxx-framework\src\traditional\proc\p18f4520.asm
                  PWM1CON   0x000fb7       data     extern E:\3.46\pic18-lt\cxx-framework\src\traditional\proc\p18f4520.asm
              PWM1CONbits   0x000fb7       data     extern E:\3.46\pic18-lt\cxx-framework\src\traditional\proc\p18f4520.asm
              BAUDCTLbits   0x000fb8       data     extern E:\3.46\pic18-lt\cxx-framework\src\traditional\proc\p18f4520.asm
                  BAUDCON   0x000fb8       data     extern E:\3.46\pic18-lt\cxx-framework\src\traditional\proc\p18f4520.asm
              BAUDCONbits   0x000fb8       data     extern E:\3.46\pic18-lt\cxx-framework\src\traditional\proc\p18f4520.asm
                  BAUDCTL   0x000fb8       data     extern E:\3.46\pic18-lt\cxx-framework\src\traditional\proc\p18f4520.asm
              CCP2CONbits   0x000fba       data     extern E:\3.46\pic18-lt\cxx-framework\src\traditional\proc\p18f4520.asm
                  CCP2CON   0x000fba       data     extern E:\3.46\pic18-lt\cxx-framework\src\traditional\proc\p18f4520.asm
                    CCPR2   0x000fbb       data     extern E:\3.46\pic18-lt\cxx-framework\src\traditional\proc\p18f4520.asm
                   CCPR2L   0x000fbb       data     extern E:\3.46\pic18-lt\cxx-framework\src\traditional\proc\p18f4520.asm
                   CCPR2H   0x000fbc       data     extern E:\3.46\pic18-lt\cxx-framework\src\traditional\proc\p18f4520.asm
              CCP1CONbits   0x000fbd       data     extern E:\3.46\pic18-lt\cxx-framework\src\traditional\proc\p18f4520.asm
                  CCP1CON   0x000fbd       data     extern E:\3.46\pic18-lt\cxx-framework\src\traditional\proc\p18f4520.asm
                    CCPR1   0x000fbe       data     extern E:\3.46\pic18-lt\cxx-framework\src\traditional\proc\p18f4520.asm
                   CCPR1L   0x000fbe       data     extern E:\3.46\pic18-lt\cxx-framework\src\traditional\proc\p18f4520.asm
                   CCPR1H   0x000fbf       data     extern E:\3.46\pic18-lt\cxx-framework\src\traditional\proc\p18f4520.asm
               ADCON2bits   0x000fc0       data     extern E:\3.46\pic18-lt\cxx-framework\src\traditional\proc\p18f4520.asm
                   ADCON2   0x000fc0       data     extern E:\3.46\pic18-lt\cxx-framework\src\traditional\proc\p18f4520.asm
               ADCON1bits   0x000fc1       data     extern E:\3.46\pic18-lt\cxx-framework\src\traditional\proc\p18f4520.asm
                   ADCON1   0x000fc1       data     extern E:\3.46\pic18-lt\cxx-framework\src\traditional\proc\p18f4520.asm
                   ADCON0   0x000fc2       data     extern E:\3.46\pic18-lt\cxx-framework\src\traditional\proc\p18f4520.asm
               ADCON0bits   0x000fc2       data     extern E:\3.46\pic18-lt\cxx-framework\src\traditional\proc\p18f4520.asm
                    ADRES   0x000fc3       data     extern E:\3.46\pic18-lt\cxx-framework\src\traditional\proc\p18f4520.asm
                   ADRESL   0x000fc3       data     extern E:\3.46\pic18-lt\cxx-framework\src\traditional\proc\p18f4520.asm
                   ADRESH   0x000fc4       data     extern E:\3.46\pic18-lt\cxx-framework\src\traditional\proc\p18f4520.asm
                  SSPCON2   0x000fc5       data     extern E:\3.46\pic18-lt\cxx-framework\src\traditional\proc\p18f4520.asm
              SSPCON2bits   0x000fc5       data     extern E:\3.46\pic18-lt\cxx-framework\src\traditional\proc\p18f4520.asm
                  SSPCON1   0x000fc6       data     extern E:\3.46\pic18-lt\cxx-framework\src\traditional\proc\p18f4520.asm
              SSPCON1bits   0x000fc6       data     extern E:\3.46\pic18-lt\cxx-framework\src\traditional\proc\p18f4520.asm
                  SSPSTAT   0x000fc7       data     extern E:\3.46\pic18-lt\cxx-framework\src\traditional\proc\p18f4520.asm
              SSPSTATbits   0x000fc7       data     extern E:\3.46\pic18-lt\cxx-framework\src\traditional\proc\p18f4520.asm
                   SSPADD   0x000fc8       data     extern E:\3.46\pic18-lt\cxx-framework\src\traditional\proc\p18f4520.asm
                   SSPBUF   0x000fc9       data     extern E:\3.46\pic18-lt\cxx-framework\src\traditional\proc\p18f4520.asm
                T2CONbits   0x000fca       data     extern E:\3.46\pic18-lt\cxx-framework\src\traditional\proc\p18f4520.asm
                    T2CON   0x000fca       data     extern E:\3.46\pic18-lt\cxx-framework\src\traditional\proc\p18f4520.asm
                      PR2   0x000fcb       data     extern E:\3.46\pic18-lt\cxx-framework\src\traditional\proc\p18f4520.asm
                     TMR2   0x000fcc       data     extern E:\3.46\pic18-lt\cxx-framework\src\traditional\proc\p18f4520.asm
                T1CONbits   0x000fcd       data     extern E:\3.46\pic18-lt\cxx-framework\src\traditional\proc\p18f4520.asm
                    T1CON   0x000fcd       data     extern E:\3.46\pic18-lt\cxx-framework\src\traditional\proc\p18f4520.asm
                    TMR1L   0x000fce       data     extern E:\3.46\pic18-lt\cxx-framework\src\traditional\proc\p18f4520.asm
                    TMR1H   0x000fcf       data     extern E:\3.46\pic18-lt\cxx-framework\src\traditional\proc\p18f4520.asm
                     RCON   0x000fd0       data     extern E:\3.46\pic18-lt\cxx-framework\src\traditional\proc\p18f4520.asm
                 RCONbits   0x000fd0       data     extern E:\3.46\pic18-lt\cxx-framework\src\traditional\proc\p18f4520.asm
                   WDTCON   0x000fd1       data     extern E:\3.46\pic18-lt\cxx-framework\src\traditional\proc\p18f4520.asm
               WDTCONbits   0x000fd1       data     extern E:\3.46\pic18-lt\cxx-framework\src\traditional\proc\p18f4520.asm
                  HLVDCON   0x000fd2       data     extern E:\3.46\pic18-lt\cxx-framework\src\traditional\proc\p18f4520.asm
              HLVDCONbits   0x000fd2       data     extern E:\3.46\pic18-lt\cxx-framework\src\traditional\proc\p18f4520.asm
                   LVDCON   0x000fd2       data     extern E:\3.46\pic18-lt\cxx-framework\src\traditional\proc\p18f4520.asm
               LVDCONbits   0x000fd2       data     extern E:\3.46\pic18-lt\cxx-framework\src\traditional\proc\p18f4520.asm
                   OSCCON   0x000fd3       data     extern E:\3.46\pic18-lt\cxx-framework\src\traditional\proc\p18f4520.asm
               OSCCONbits   0x000fd3       data     extern E:\3.46\pic18-lt\cxx-framework\src\traditional\proc\p18f4520.asm
                T0CONbits   0x000fd5       data     extern E:\3.46\pic18-lt\cxx-framework\src\traditional\proc\p18f4520.asm
                    T0CON   0x000fd5       data     extern E:\3.46\pic18-lt\cxx-framework\src\traditional\proc\p18f4520.asm
                    TMR0L   0x000fd6       data     extern E:\3.46\pic18-lt\cxx-framework\src\traditional\proc\p18f4520.asm
                    TMR0H   0x000fd7       data     extern E:\3.46\pic18-lt\cxx-framework\src\traditional\proc\p18f4520.asm
               STATUSbits   0x000fd8       data     extern E:\3.46\pic18-lt\cxx-framework\src\traditional\proc\p18f4520.asm
                   STATUS   0x000fd8       data     extern E:\3.46\pic18-lt\cxx-framework\src\traditional\proc\p18f4520.asm
                    FSR2L   0x000fd9       data     extern E:\3.46\pic18-lt\cxx-framework\src\traditional\proc\p18f4520.asm
                     FSR2   0x000fd9       data     extern E:\3.46\pic18-lt\cxx-framework\src\traditional\proc\p18f4520.asm
                    FSR2H   0x000fda       data     extern E:\3.46\pic18-lt\cxx-framework\src\traditional\proc\p18f4520.asm
                   PLUSW2   0x000fdb       data     extern E:\3.46\pic18-lt\cxx-framework\src\traditional\proc\p18f4520.asm
                  PREINC2   0x000fdc       data     extern E:\3.46\pic18-lt\cxx-framework\src\traditional\proc\p18f4520.asm
                 POSTDEC2   0x000fdd       data     extern E:\3.46\pic18-lt\cxx-framework\src\traditional\proc\p18f4520.asm
                 POSTINC2   0x000fde       data     extern E:\3.46\pic18-lt\cxx-framework\src\traditional\proc\p18f4520.asm
                    INDF2   0x000fdf       data     extern E:\3.46\pic18-lt\cxx-framework\src\traditional\proc\p18f4520.asm
                      BSR   0x000fe0       data     extern E:\3.46\pic18-lt\cxx-framework\src\traditional\proc\p18f4520.asm
                     FSR1   0x000fe1       data     extern E:\3.46\pic18-lt\cxx-framework\src\traditional\proc\p18f4520.asm
                    FSR1L   0x000fe1       data     extern E:\3.46\pic18-lt\cxx-framework\src\traditional\proc\p18f4520.asm
                    FSR1H   0x000fe2       data     extern E:\3.46\pic18-lt\cxx-framework\src\traditional\proc\p18f4520.asm
                   PLUSW1   0x000fe3       data     extern E:\3.46\pic18-lt\cxx-framework\src\traditional\proc\p18f4520.asm
                  PREINC1   0x000fe4       data     extern E:\3.46\pic18-lt\cxx-framework\src\traditional\proc\p18f4520.asm
                 POSTDEC1   0x000fe5       data     extern E:\3.46\pic18-lt\cxx-framework\src\traditional\proc\p18f4520.asm
                 POSTINC1   0x000fe6       data     extern E:\3.46\pic18-lt\cxx-framework\src\traditional\proc\p18f4520.asm
                    INDF1   0x000fe7       data     extern E:\3.46\pic18-lt\cxx-framework\src\traditional\proc\p18f4520.asm
                     WREG   0x000fe8       data     extern E:\3.46\pic18-lt\cxx-framework\src\traditional\proc\p18f4520.asm
                        W   0x000fe8       data     extern E:\3.46\pic18-lt\cxx-framework\src\traditional\proc\p18f4520.asm
                    FSR0L   0x000fe9       data     extern E:\3.46\pic18-lt\cxx-framework\src\traditional\proc\p18f4520.asm
                     FSR0   0x000fe9       data     extern E:\3.46\pic18-lt\cxx-framework\src\traditional\proc\p18f4520.asm
                    FSR0H   0x000fea       data     extern E:\3.46\pic18-lt\cxx-framework\src\traditional\proc\p18f4520.asm
                   PLUSW0   0x000feb       data     extern E:\3.46\pic18-lt\cxx-framework\src\traditional\proc\p18f4520.asm
                  PREINC0   0x000fec       data     extern E:\3.46\pic18-lt\cxx-framework\src\traditional\proc\p18f4520.asm
                 POSTDEC0   0x000fed       data     extern E:\3.46\pic18-lt\cxx-framework\src\traditional\proc\p18f4520.asm
                 POSTINC0   0x000fee       data     extern E:\3.46\pic18-lt\cxx-framework\src\traditional\proc\p18f4520.asm
                    INDF0   0x000fef       data     extern E:\3.46\pic18-lt\cxx-framework\src\traditional\proc\p18f4520.asm
              INTCON3bits   0x000ff0       data     extern E:\3.46\pic18-lt\cxx-framework\src\traditional\proc\p18f4520.asm
                  INTCON3   0x000ff0       data     extern E:\3.46\pic18-lt\cxx-framework\src\traditional\proc\p18f4520.asm
                  INTCON2   0x000ff1       data     extern E:\3.46\pic18-lt\cxx-framework\src\traditional\proc\p18f4520.asm
              INTCON2bits   0x000ff1       data     extern E:\3.46\pic18-lt\cxx-framework\src\traditional\proc\p18f4520.asm
                   INTCON   0x000ff2       data     extern E:\3.46\pic18-lt\cxx-framework\src\traditional\proc\p18f4520.asm
               INTCONbits   0x000ff2       data     extern E:\3.46\pic18-lt\cxx-framework\src\traditional\proc\p18f4520.asm
                     PROD   0x000ff3       data     extern E:\3.46\pic18-lt\cxx-framework\src\traditional\proc\p18f4520.asm
                    PRODL   0x000ff3       data     extern E:\3.46\pic18-lt\cxx-framework\src\traditional\proc\p18f4520.asm
                    PRODH   0x000ff4       data     extern E:\3.46\pic18-lt\cxx-framework\src\traditional\proc\p18f4520.asm
                   TABLAT   0x000ff5       data     extern E:\3.46\pic18-lt\cxx-framework\src\traditional\proc\p18f4520.asm
                  TBLPTRL   0x000ff6       data     extern E:\3.46\pic18-lt\cxx-framework\src\traditional\proc\p18f4520.asm
                   TBLPTR   0x000ff6       data     extern E:\3.46\pic18-lt\cxx-framework\src\traditional\proc\p18f4520.asm
                  TBLPTRH   0x000ff7       data     extern E:\3.46\pic18-lt\cxx-framework\src\traditional\proc\p18f4520.asm
                  TBLPTRU   0x000ff8       data     extern E:\3.46\pic18-lt\cxx-framework\src\traditional\proc\p18f4520.asm
                       PC   0x000ff9       data     extern E:\3.46\pic18-lt\cxx-framework\src\traditional\proc\p18f4520.asm
                      PCL   0x000ff9       data     extern E:\3.46\pic18-lt\cxx-framework\src\traditional\proc\p18f4520.asm
                   PCLATH   0x000ffa       data     extern E:\3.46\pic18-lt\cxx-framework\src\traditional\proc\p18f4520.asm
                   PCLATU   0x000ffb       data     extern E:\3.46\pic18-lt\cxx-framework\src\traditional\proc\p18f4520.asm
                   STKPTR   0x000ffc       data     extern E:\3.46\pic18-lt\cxx-framework\src\traditional\proc\p18f4520.asm
               STKPTRbits   0x000ffc       data     extern E:\3.46\pic18-lt\cxx-framework\src\traditional\proc\p18f4520.asm
                     TOSL   0x000ffd       data     extern E:\3.46\pic18-lt\cxx-framework\src\traditional\proc\p18f4520.asm
                      TOS   0x000ffd       data     extern E:\3.46\pic18-lt\cxx-framework\src\traditional\proc\p18f4520.asm
                     TOSH   0x000ffe       data     extern E:\3.46\pic18-lt\cxx-framework\src\traditional\proc\p18f4520.asm
                     TOSU   0x000fff       data     extern E:\3.46\pic18-lt\cxx-framework\src\traditional\proc\p18f4520.asm


